../Core/Src/main.c:123:5:getValue	40	static
../Core/Src/main.c:142:6:keyboardProcess	16	static
../Core/Src/main.c:156:6:mouseProcess	16	static
../Core/Src/main.c:176:6:gamepadProcess	24	static
../Core/Src/main.c:197:5:main	16	static
../Core/Src/main.c:302:6:SystemClock_Config	88	static
../Core/Src/main.c:348:13:MX_ADC1_Init	24	static
../Core/Src/main.c:427:13:MX_I2C3_Init	8	static
../Core/Src/main.c:461:13:MX_TIM2_Init	56	static
../Core/Src/main.c:510:13:MX_GPIO_Init	40	static
../Core/Src/main.c:549:6:Error_Handler	4	static,ignoring_inline_asm
