Archive member included to satisfy reference by file (symbol)

d:/stm32cubeide/stm32cubeide_1.12.1/stm32cubeide/plugins/com.st.stm32cube.ide.mcu.externaltools.gnu-tools-for-stm32.10.3-2021.10.win32_1.0.200.202301161003/tools/bin/../lib/gcc/arm-none-eabi/10.3.1/../../../../arm-none-eabi/lib/thumb/v7e-m+fp/hard\libc_nano.a(lib_a-errno.o)
                              ./Core/Src/syscalls.o (__errno)
d:/stm32cubeide/stm32cubeide_1.12.1/stm32cubeide/plugins/com.st.stm32cube.ide.mcu.externaltools.gnu-tools-for-stm32.10.3-2021.10.win32_1.0.200.202301161003/tools/bin/../lib/gcc/arm-none-eabi/10.3.1/../../../../arm-none-eabi/lib/thumb/v7e-m+fp/hard\libc_nano.a(lib_a-exit.o)
                              d:/stm32cubeide/stm32cubeide_1.12.1/stm32cubeide/plugins/com.st.stm32cube.ide.mcu.externaltools.gnu-tools-for-stm32.10.3-2021.10.win32_1.0.200.202301161003/tools/bin/../lib/gcc/arm-none-eabi/10.3.1/../../../../arm-none-eabi/lib/thumb/v7e-m+fp/hard/crt0.o (exit)
d:/stm32cubeide/stm32cubeide_1.12.1/stm32cubeide/plugins/com.st.stm32cube.ide.mcu.externaltools.gnu-tools-for-stm32.10.3-2021.10.win32_1.0.200.202301161003/tools/bin/../lib/gcc/arm-none-eabi/10.3.1/../../../../arm-none-eabi/lib/thumb/v7e-m+fp/hard\libc_nano.a(lib_a-impure.o)
                              d:/stm32cubeide/stm32cubeide_1.12.1/stm32cubeide/plugins/com.st.stm32cube.ide.mcu.externaltools.gnu-tools-for-stm32.10.3-2021.10.win32_1.0.200.202301161003/tools/bin/../lib/gcc/arm-none-eabi/10.3.1/../../../../arm-none-eabi/lib/thumb/v7e-m+fp/hard\libc_nano.a(lib_a-exit.o) (_global_impure_ptr)
d:/stm32cubeide/stm32cubeide_1.12.1/stm32cubeide/plugins/com.st.stm32cube.ide.mcu.externaltools.gnu-tools-for-stm32.10.3-2021.10.win32_1.0.200.202301161003/tools/bin/../lib/gcc/arm-none-eabi/10.3.1/../../../../arm-none-eabi/lib/thumb/v7e-m+fp/hard\libc_nano.a(lib_a-init.o)
                              d:/stm32cubeide/stm32cubeide_1.12.1/stm32cubeide/plugins/com.st.stm32cube.ide.mcu.externaltools.gnu-tools-for-stm32.10.3-2021.10.win32_1.0.200.202301161003/tools/bin/../lib/gcc/arm-none-eabi/10.3.1/../../../../arm-none-eabi/lib/thumb/v7e-m+fp/hard/crt0.o (__libc_init_array)
d:/stm32cubeide/stm32cubeide_1.12.1/stm32cubeide/plugins/com.st.stm32cube.ide.mcu.externaltools.gnu-tools-for-stm32.10.3-2021.10.win32_1.0.200.202301161003/tools/bin/../lib/gcc/arm-none-eabi/10.3.1/../../../../arm-none-eabi/lib/thumb/v7e-m+fp/hard\libc_nano.a(lib_a-memcpy-stub.o)
                              ./Core/Src/ssd1306.o (memcpy)
d:/stm32cubeide/stm32cubeide_1.12.1/stm32cubeide/plugins/com.st.stm32cube.ide.mcu.externaltools.gnu-tools-for-stm32.10.3-2021.10.win32_1.0.200.202301161003/tools/bin/../lib/gcc/arm-none-eabi/10.3.1/../../../../arm-none-eabi/lib/thumb/v7e-m+fp/hard\libc_nano.a(lib_a-memmove.o)
                              ./Core/Src/ssd1306_tests.o (memmove)
d:/stm32cubeide/stm32cubeide_1.12.1/stm32cubeide/plugins/com.st.stm32cube.ide.mcu.externaltools.gnu-tools-for-stm32.10.3-2021.10.win32_1.0.200.202301161003/tools/bin/../lib/gcc/arm-none-eabi/10.3.1/../../../../arm-none-eabi/lib/thumb/v7e-m+fp/hard\libc_nano.a(lib_a-memset.o)
                              d:/stm32cubeide/stm32cubeide_1.12.1/stm32cubeide/plugins/com.st.stm32cube.ide.mcu.externaltools.gnu-tools-for-stm32.10.3-2021.10.win32_1.0.200.202301161003/tools/bin/../lib/gcc/arm-none-eabi/10.3.1/../../../../arm-none-eabi/lib/thumb/v7e-m+fp/hard/crt0.o (memset)
d:/stm32cubeide/stm32cubeide_1.12.1/stm32cubeide/plugins/com.st.stm32cube.ide.mcu.externaltools.gnu-tools-for-stm32.10.3-2021.10.win32_1.0.200.202301161003/tools/bin/../lib/gcc/arm-none-eabi/10.3.1/../../../../arm-none-eabi/lib/thumb/v7e-m+fp/hard\libc_nano.a(lib_a-snprintf.o)
                              ./Core/Src/ssd1306_tests.o (snprintf)
d:/stm32cubeide/stm32cubeide_1.12.1/stm32cubeide/plugins/com.st.stm32cube.ide.mcu.externaltools.gnu-tools-for-stm32.10.3-2021.10.win32_1.0.200.202301161003/tools/bin/../lib/gcc/arm-none-eabi/10.3.1/../../../../arm-none-eabi/lib/thumb/v7e-m+fp/hard\libc_nano.a(lib_a-sprintf.o)
                              ./Core/Src/main.o (sprintf)
d:/stm32cubeide/stm32cubeide_1.12.1/stm32cubeide/plugins/com.st.stm32cube.ide.mcu.externaltools.gnu-tools-for-stm32.10.3-2021.10.win32_1.0.200.202301161003/tools/bin/../lib/gcc/arm-none-eabi/10.3.1/../../../../arm-none-eabi/lib/thumb/v7e-m+fp/hard\libc_nano.a(lib_a-nano-svfprintf.o)
                              d:/stm32cubeide/stm32cubeide_1.12.1/stm32cubeide/plugins/com.st.stm32cube.ide.mcu.externaltools.gnu-tools-for-stm32.10.3-2021.10.win32_1.0.200.202301161003/tools/bin/../lib/gcc/arm-none-eabi/10.3.1/../../../../arm-none-eabi/lib/thumb/v7e-m+fp/hard\libc_nano.a(lib_a-snprintf.o) (_svfprintf_r)
d:/stm32cubeide/stm32cubeide_1.12.1/stm32cubeide/plugins/com.st.stm32cube.ide.mcu.externaltools.gnu-tools-for-stm32.10.3-2021.10.win32_1.0.200.202301161003/tools/bin/../lib/gcc/arm-none-eabi/10.3.1/../../../../arm-none-eabi/lib/thumb/v7e-m+fp/hard\libc_nano.a(lib_a-nano-vfprintf_i.o)
[...]
Memory Configuration

Name             Origin             Length             Attributes
RAM              0x0000000020000000 0x0000000000010000 xrw
FLASH            0x0000000008000000 0x0000000000040000 xr
*default*        0x0000000000000000 0xffffffffffffffff

Linker script and memory map

LOAD d:/stm32cubeide/stm32cubeide_1.12.1/stm32cubeide/plugins/com.st.stm32cube.ide.mcu.externaltools.gnu-tools-for-stm32.10.3-2021.10.win32_1.0.200.202301161003/tools/bin/../lib/gcc/arm-none-eabi/10.3.1/thumb/v7e-m+fp/hard/crti.o
LOAD d:/stm32cubeide/stm32cubeide_1.12.1/stm32cubeide/plugins/com.st.stm32cube.ide.mcu.externaltools.gnu-tools-for-stm32.10.3-2021.10.win32_1.0.200.202301161003/tools/bin/../lib/gcc/arm-none-eabi/10.3.1/thumb/v7e-m+fp/hard/crtbegin.o
LOAD d:/stm32cubeide/stm32cubeide_1.12.1/stm32cubeide/plugins/com.st.stm32cube.ide.mcu.externaltools.gnu-tools-for-stm32.10.3-2021.10.win32_1.0.200.202301161003/tools/bin/../lib/gcc/arm-none-eabi/10.3.1/../../../../arm-none-eabi/lib/thumb/v7e-m+fp/hard/crt0.o
LOAD ./Core/Src/freertos.o
LOAD ./Core/Src/main.o
LOAD ./Core/Src/ssd1306.o
LOAD ./Core/Src/ssd1306_fonts.o
LOAD ./Core/Src/ssd1306_tests.o
LOAD ./Core/Src/stm32f4xx_hal_msp.o
LOAD ./Core/Src/stm32f4xx_hal_timebase_tim.o
LOAD ./Core/Src/stm32f4xx_it.o
LOAD ./Core/Src/syscalls.o
LOAD ./Core/Src/sysmem.o
LOAD ./Core/Src/system_stm32f4xx.o
LOAD ./Core/Startup/startup_stm32f401ccux.o
LOAD ./Drivers/STM32F4xx_HAL_Driver/Src/stm32f4xx_hal.o
LOAD ./Drivers/STM32F4xx_HAL_Driver/Src/stm32f4xx_hal_adc.o
LOAD ./Drivers/STM32F4xx_HAL_Driver/Src/stm32f4xx_hal_adc_ex.o
LOAD ./Drivers/STM32F4xx_HAL_Driver/Src/stm32f4xx_hal_cortex.o
LOAD ./Drivers/STM32F4xx_HAL_Driver/Src/stm32f4xx_hal_dma.o
LOAD ./Drivers/STM32F4xx_HAL_Driver/Src/stm32f4xx_hal_dma_ex.o
LOAD ./Drivers/STM32F4xx_HAL_Driver/Src/stm32f4xx_hal_exti.o
LOAD ./Drivers/STM32F4xx_HAL_Driver/Src/stm32f4xx_hal_flash.o
LOAD ./Drivers/STM32F4xx_HAL_Driver/Src/stm32f4xx_hal_flash_ex.o
LOAD ./Drivers/STM32F4xx_HAL_Driver/Src/stm32f4xx_hal_flash_ramfunc.o
LOAD ./Drivers/STM32F4xx_HAL_Driver/Src/stm32f4xx_hal_gpio.o
LOAD ./Drivers/STM32F4xx_HAL_Driver/Src/stm32f4xx_hal_i2c.o
LOAD ./Drivers/STM32F4xx_HAL_Driver/Src/stm32f4xx_hal_i2c_ex.o
LOAD ./Drivers/STM32F4xx_HAL_Driver/Src/stm32f4xx_hal_pcd.o
LOAD ./Drivers/STM32F4xx_HAL_Driver/Src/stm32f4xx_hal_pcd_ex.o
LOAD ./Drivers/STM32F4xx_HAL_Driver/Src/stm32f4xx_hal_pwr.o
LOAD ./Drivers/STM32F4xx_HAL_Driver/Src/stm32f4xx_hal_pwr_ex.o
LOAD ./Drivers/STM32F4xx_HAL_Driver/Src/stm32f4xx_hal_rcc.o
LOAD ./Drivers/STM32F4xx_HAL_Driver/Src/stm32f4xx_hal_rcc_ex.o
LOAD ./Drivers/STM32F4xx_HAL_Driver/Src/stm32f4xx_hal_tim.o
LOAD ./Drivers/STM32F4xx_HAL_Driver/Src/stm32f4xx_hal_tim_ex.o
LOAD ./Drivers/STM32F4xx_HAL_Driver/Src/stm32f4xx_ll_adc.o
LOAD ./Drivers/STM32F4xx_HAL_Driver/Src/stm32f4xx_ll_usb.o
LOAD ./Middlewares/ST/STM32_USB_Device_Library/Class/CustomHID/Src/usbd_customhid.o
LOAD ./Middlewares/ST/STM32_USB_Device_Library/Core/Src/usbd_core.o
LOAD ./Middlewares/ST/STM32_USB_Device_Library/Core/Src/usbd_ctlreq.o
LOAD ./Middlewares/ST/STM32_USB_Device_Library/Core/Src/usbd_ioreq.o
LOAD ./Middlewares/Third_Party/FreeRTOS/Source/CMSIS_RTOS/cmsis_os.o
LOAD ./Middlewares/Third_Party/FreeRTOS/Source/croutine.o
LOAD ./Middlewares/Third_Party/FreeRTOS/Source/event_groups.o
LOAD ./Middlewares/Third_Party/FreeRTOS/Source/list.o
LOAD ./Middlewares/Third_Party/FreeRTOS/Source/queue.o
LOAD ./Middlewares/Third_Party/FreeRTOS/Source/stream_buffer.o
LOAD ./Middlewares/Third_Party/FreeRTOS/Source/tasks.o
LOAD ./Middlewares/Third_Party/FreeRTOS/Source/timers.o
LOAD ./Middlewares/Third_Party/FreeRTOS/Source/portable/GCC/ARM_CM4F/port.o
LOAD ./Middlewares/Third_Party/FreeRTOS/Source/portable/MemMang/heap_4.o
LOAD ./USB_DEVICE/App/usb_device.o
LOAD ./USB_DEVICE/App/usbd_custom_hid_if.o
LOAD ./USB_DEVICE/App/usbd_desc.o
LOAD ./USB_DEVICE/Target/usbd_conf.o
START GROUP
LOAD d:/stm32cubeide/stm32cubeide_1.12.1/stm32cubeide/plugins/com.st.stm32cube.ide.mcu.externaltools.gnu-tools-for-stm32.10.3-2021.10.win32_1.0.200.202301161003/tools/bin/../lib/gcc/arm-none-eabi/10.3.1/../../../../arm-none-eabi/lib/thumb/v7e-m+fp/hard\libc_nano.a
LOAD d:/stm32cubeide/stm32cubeide_1.12.1/stm32cubeide/plugins/com.st.stm32cube.ide.mcu.externaltools.gnu-tools-for-stm32.10.3-2021.10.win32_1.0.200.202301161003/tools/bin/../lib/gcc/arm-none-eabi/10.3.1/../../../../arm-none-eabi/lib/thumb/v7e-m+fp/hard\libm.a
END GROUP
START GROUP
LOAD d:/stm32cubeide/stm32cubeide_1.12.1/stm32cubeide/plugins/com.st.stm32cube.ide.mcu.externaltools.gnu-tools-for-stm32.10.3-2021.10.win32_1.0.200.202301161003/tools/bin/../lib/gcc/arm-none-eabi/10.3.1/thumb/v7e-m+fp/hard\libgcc.a
LOAD d:/stm32cubeide/stm32cubeide_1.12.1/stm32cubeide/plugins/com.st.stm32cube.ide.mcu.externaltools.gnu-tools-for-stm32.10.3-2021.10.win32_1.0.200.202301161003/tools/bin/../lib/gcc/arm-none-eabi/10.3.1/../../../../arm-none-eabi/lib/thumb/v7e-m+fp/hard\libc_nano.a
END GROUP
START GROUP
LOAD d:/stm32cubeide/stm32cubeide_1.12.1/stm32cubeide/plugins/com.st.stm32cube.ide.mcu.externaltools.gnu-tools-for-stm32.10.3-2021.10.win32_1.0.200.202301161003/tools/bin/../lib/gcc/arm-none-eabi/10.3.1/thumb/v7e-m+fp/hard\libgcc.a
LOAD d:/stm32cubeide/stm32cubeide_1.12.1/stm32cubeide/plugins/com.st.stm32cube.ide.mcu.externaltools.gnu-tools-for-stm32.10.3-2021.10.win32_1.0.200.202301161003/tools/bin/../lib/gcc/arm-none-eabi/10.3.1/../../../../arm-none-eabi/lib/thumb/v7e-m+fp/hard\libc_nano.a
LOAD d:/stm32cubeide/stm32cubeide_1.12.1/stm32cubeide/plugins/com.st.stm32cube.ide.mcu.externaltools.gnu-tools-for-stm32.10.3-2021.10.win32_1.0.200.202301161003/tools/bin/../lib/gcc/arm-none-eabi/10.3.1/../../../../arm-none-eabi/lib/thumb/v7e-m+fp/hard\libnosys.a
END GROUP
START GROUP
LOAD d:/stm32cubeide/stm32cubeide_1.12.1/stm32cubeide/plugins/com.st.stm32cube.ide.mcu.externaltools.gnu-tools-for-stm32.10.3-2021.10.win32_1.0.200.202301161003/tools/bin/../lib/gcc/arm-none-eabi/10.3.1/thumb/v7e-m+fp/hard\libgcc.a
LOAD d:/stm32cubeide/stm32cubeide_1.12.1/stm32cubeide/plugins/com.st.stm32cube.ide.mcu.externaltools.gnu-tools-for-stm32.10.3-2021.10.win32_1.0.200.202301161003/tools/bin/../lib/gcc/arm-none-eabi/10.3.1/../../../../arm-none-eabi/lib/thumb/v7e-m+fp/hard\libc_nano.a
LOAD d:/stm32cubeide/stm32cubeide_1.12.1/stm32cubeide/plugins/com.st.stm32cube.ide.mcu.externaltools.gnu-tools-for-stm32.10.3-2021.10.win32_1.0.200.202301161003/tools/bin/../lib/gcc/arm-none-eabi/10.3.1/../../../../arm-none-eabi/lib/thumb/v7e-m+fp/hard\libnosys.a
END GROUP
LOAD d:/stm32cubeide/stm32cubeide_1.12.1/stm32cubeide/plugins/com.st.stm32cube.ide.mcu.externaltools.gnu-tools-for-stm32.10.3-2021.10.win32_1.0.200.202301161003/tools/bin/../lib/gcc/arm-none-eabi/10.3.1/thumb/v7e-m+fp/hard/crtend.o
LOAD d:/stm32cubeide/stm32cubeide_1.12.1/stm32cubeide/plugins/com.st.stm32cube.ide.mcu.externaltools.gnu-tools-for-stm32.10.3-2021.10.win32_1.0.200.202301161003/tools/bin/../lib/gcc/arm-none-eabi/10.3.1/thumb/v7e-m+fp/hard/crtn.o
                0x0000000020010000                _estack = (ORIGIN (RAM) + LENGTH (RAM))
                0x0000000000000200                _Min_Heap_Size = 0x200
                0x0000000000000400                _Min_Stack_Size = 0x400

.isr_vector     0x0000000008000000      0x194
                0x0000000008000000                . = ALIGN (0x4)
 *(.isr_vector)
 .isr_vector    0x0000000008000000      0x194 ./Core/Startup/startup_stm32f401ccux.o
                0x0000000008000000                g_pfnVectors
                0x0000000008000194                . = ALIGN (0x4)

.text           0x00000000080001a0     0xabd4
                0x00000000080001a0                . = ALIGN (0x4)
 *(.text)
 .text          0x00000000080001a0       0x40 d:/stm32cubeide/stm32cubeide_1.12.1/stm32cubeide/plugins/com.st.stm32cube.ide.mcu.externaltools.gnu-tools-for-stm32.10.3-2021.10.win32_1.0.200.202301161003/tools/bin/../lib/gcc/arm-none-eabi/10.3.1/thumb/v7e-m+fp/hard/crtbegin.o
 .text          0x00000000080001e0       0xa0 d:/stm32cubeide/stm32cubeide_1.12.1/stm32cubeide/plugins/com.st.stm32cube.ide.mcu.externaltools.gnu-tools-for-stm32.10.3-2021.10.win32_1.0.200.202301161003/tools/bin/../lib/gcc/arm-none-eabi/10.3.1/../../../../arm-none-eabi/lib/thumb/v7e-m+fp/hard\libc_nano.a(lib_a-memchr.o)
                0x00000000080001e0                memchr
 .text          0x0000000008000280       0x30 d:/stm32cubeide/stm32cubeide_1.12.1/stm32cubeide/plugins/com.st.stm32cube.ide.mcu.externaltools.gnu-tools-for-stm32.10.3-2021.10.win32_1.0.200.202301161003/tools/bin/../lib/gcc/arm-none-eabi/10.3.1/thumb/v7e-m+fp/hard\libgcc.a(_aeabi_uldivmod.o)
                0x0000000008000280                __aeabi_uldivmod
 .text          0x00000000080002b0      0x2d0 d:/stm32cubeide/stm32cubeide_1.12.1/stm32cubeide/plugins/com.st.stm32cube.ide.mcu.externaltools.gnu-tools-for-stm32.10.3-2021.10.win32_1.0.200.202301161003/tools/bin/../lib/gcc/arm-none-eabi/10.3.1/thumb/v7e-m+fp/hard\libgcc.a(_udivmoddi4.o)
                0x00000000080002b0                __udivmoddi4
 .text          0x0000000008000580        0x4 d:/stm32cubeide/stm32cubeide_1.12.1/stm32cubeide/plugins/com.st.stm32cube.ide.mcu.externaltools.gnu-tools-for-stm32.10.3-2021.10.win32_1.0.200.202301161003/tools/bin/../lib/gcc/arm-none-eabi/10.3.1/thumb/v7e-m+fp/hard\libgcc.a(_dvmd_tls.o)
                0x0000000008000580                __aeabi_idiv0
                0x0000000008000580                __aeabi_ldiv0
 *(.text*)
 .text.vApplicationGetIdleTaskMemory
                0x0000000008000584       0x34 ./Core/Src/freertos.o
                0x0000000008000584                vApplicationGetIdleTaskMemory
 .text.getValueButShorter
                0x00000000080005b8       0x68 ./Core/Src/main.o
                0x00000000080005b8                getValueButShorter
 .text.main     0x0000000008000620       0xf4 ./Core/Src/main.o
                0x0000000008000620                main
 .text.SystemClock_Config
                0x0000000008000714       0xd4 ./Core/Src/main.o
                0x0000000008000714                SystemClock_Config
 .text.MX_ADC1_Init
                0x00000000080007e8       0xf8 ./Core/Src/main.o
 .text.MX_I2C3_Init
                0x00000000080008e0       0x5c ./Core/Src/main.o
 .text.MX_TIM2_Init
                0x000000000800093c       0xa4 ./Core/Src/main.o
 .text.MX_GPIO_Init
                0x00000000080009e0       0xcc ./Core/Src/main.o
 .text.StartCollectingTask
                0x0000000008000aac       0xf8 ./Core/Src/main.o
                0x0000000008000aac                StartCollectingTask
 .text.StartKeyboardTask
                0x0000000008000ba4       0x24 ./Core/Src/main.o
                0x0000000008000ba4                StartKeyboardTask
 .text.StrartMouseTask
                0x0000000008000bc8       0x24 ./Core/Src/main.o
                0x0000000008000bc8                StrartMouseTask
 .text.StartDisplayTask
                0x0000000008000bec       0x68 ./Core/Src/main.o
                0x0000000008000bec                StartDisplayTask
 .text.HAL_TIM_PeriodElapsedCallback
                0x0000000008000c54       0x24 ./Core/Src/main.o
                0x0000000008000c54                HAL_TIM_PeriodElapsedCallback
 .text.Error_Handler
                0x0000000008000c78        0xa ./Core/Src/main.o
                0x0000000008000c78                Error_Handler
 .text.ssd1306_Reset
                0x0000000008000c82        0xe ./Core/Src/ssd1306.o
                0x0000000008000c82                ssd1306_Reset
 .text.ssd1306_WriteCommand
                0x0000000008000c90       0x30 ./Core/Src/ssd1306.o
                0x0000000008000c90                ssd1306_WriteCommand
 .text.ssd1306_WriteData
                0x0000000008000cc0       0x34 ./Core/Src/ssd1306.o
                0x0000000008000cc0                ssd1306_WriteData
 .text.ssd1306_Init
                0x0000000008000cf4       0xd4 ./Core/Src/ssd1306.o
                0x0000000008000cf4                ssd1306_Init
 .text.ssd1306_Fill
                0x0000000008000dc8       0x48 ./Core/Src/ssd1306.o
                0x0000000008000dc8                ssd1306_Fill
 .text.ssd1306_UpdateScreen
                0x0000000008000e10       0x50 ./Core/Src/ssd1306.o
                0x0000000008000e10                ssd1306_UpdateScreen
 .text.ssd1306_DrawPixel
                0x0000000008000e60       0xa8 ./Core/Src/ssd1306.o
                0x0000000008000e60                ssd1306_DrawPixel
 .text.ssd1306_WriteChar
                0x0000000008000f08      0x110 ./Core/Src/ssd1306.o
                0x0000000008000f08                ssd1306_WriteChar
 .text.ssd1306_WriteString
                0x0000000008001018       0x4c ./Core/Src/ssd1306.o
                0x0000000008001018                ssd1306_WriteString
 .text.ssd1306_SetCursor
                0x0000000008001064       0x30 ./Core/Src/ssd1306.o
                0x0000000008001064                ssd1306_SetCursor
 .text.ssd1306_SetContrast
                0x0000000008001094       0x26 ./Core/Src/ssd1306.o
                0x0000000008001094                ssd1306_SetContrast
 *fill*         0x00000000080010ba        0x2 
 .text.ssd1306_SetDisplayOn
                0x00000000080010bc       0x3c ./Core/Src/ssd1306.o
                0x00000000080010bc                ssd1306_SetDisplayOn
 .text.HAL_MspInit
                0x00000000080010f8       0x58 ./Core/Src/stm32f4xx_hal_msp.o
                0x00000000080010f8                HAL_MspInit
 .text.HAL_ADC_MspInit
                0x0000000008001150       0x88 ./Core/Src/stm32f4xx_hal_msp.o
                0x0000000008001150                HAL_ADC_MspInit
 .text.HAL_I2C_MspInit
                0x00000000080011d8       0xd0 ./Core/Src/stm32f4xx_hal_msp.o
                0x00000000080011d8                HAL_I2C_MspInit
 .text.HAL_TIM_Encoder_MspInit
                0x00000000080012a8       0xcc ./Core/Src/stm32f4xx_hal_msp.o
                0x00000000080012a8                HAL_TIM_Encoder_MspInit
 .text.HAL_InitTick
                0x0000000008001374       0xe4 ./Core/Src/stm32f4xx_hal_timebase_tim.o
                0x0000000008001374                HAL_InitTick
 .text.NMI_Handler
                0x0000000008001458        0x6 ./Core/Src/stm32f4xx_it.o
                0x0000000008001458                NMI_Handler
 .text.HardFault_Handler
                0x000000000800145e        0x6 ./Core/Src/stm32f4xx_it.o
                0x000000000800145e                HardFault_Handler
 .text.MemManage_Handler
                0x0000000008001464        0x6 ./Core/Src/stm32f4xx_it.o
                0x0000000008001464                MemManage_Handler
 .text.BusFault_Handler
                0x000000000800146a        0x6 ./Core/Src/stm32f4xx_it.o
                0x000000000800146a                BusFault_Handler
 .text.UsageFault_Handler
                0x0000000008001470        0x6 ./Core/Src/stm32f4xx_it.o
                0x0000000008001470                UsageFault_Handler
 .text.DebugMon_Handler
                0x0000000008001476        0xe ./Core/Src/stm32f4xx_it.o
                0x0000000008001476                DebugMon_Handler
 .text.TIM1_UP_TIM10_IRQHandler
                0x0000000008001484       0x14 ./Core/Src/stm32f4xx_it.o
                0x0000000008001484                TIM1_UP_TIM10_IRQHandler
 .text.OTG_FS_IRQHandler
                0x0000000008001498       0x14 ./Core/Src/stm32f4xx_it.o
                0x0000000008001498                OTG_FS_IRQHandler
 .text._sbrk    0x00000000080014ac       0x6c ./Core/Src/sysmem.o
                0x00000000080014ac                _sbrk
 .text.SystemInit
                0x0000000008001518       0x24 ./Core/Src/system_stm32f4xx.o
                0x0000000008001518                SystemInit
 .text.Reset_Handler
                0x000000000800153c       0x50 ./Core/Startup/startup_stm32f401ccux.o
                0x000000000800153c                Reset_Handler
 .text.Default_Handler
                0x000000000800158c        0x2 ./Core/Startup/startup_stm32f401ccux.o
                0x000000000800158c                RTC_Alarm_IRQHandler
                0x000000000800158c                EXTI2_IRQHandler
                0x000000000800158c                SPI4_IRQHandler
                0x000000000800158c                TIM1_CC_IRQHandler
                0x000000000800158c                DMA2_Stream5_IRQHandler
                0x000000000800158c                DMA1_Stream5_IRQHandler
                0x000000000800158c                PVD_IRQHandler
                0x000000000800158c                SDIO_IRQHandler
                0x000000000800158c                TAMP_STAMP_IRQHandler
                0x000000000800158c                EXTI3_IRQHandler
                0x000000000800158c                I2C3_ER_IRQHandler
                0x000000000800158c                EXTI0_IRQHandler
                0x000000000800158c                I2C2_EV_IRQHandler
                0x000000000800158c                DMA1_Stream2_IRQHandler
                0x000000000800158c                FPU_IRQHandler
                0x000000000800158c                DMA2_Stream2_IRQHandler
                0x000000000800158c                SPI1_IRQHandler
                0x000000000800158c                TIM1_BRK_TIM9_IRQHandler
                0x000000000800158c                DMA2_Stream3_IRQHandler
                0x000000000800158c                USART6_IRQHandler
                0x000000000800158c                DMA2_Stream0_IRQHandler
                0x000000000800158c                TIM4_IRQHandler
                0x000000000800158c                I2C1_EV_IRQHandler
                0x000000000800158c                DMA1_Stream6_IRQHandler
                0x000000000800158c                DMA1_Stream1_IRQHandler
                0x000000000800158c                TIM3_IRQHandler
                0x000000000800158c                RCC_IRQHandler
                0x000000000800158c                Default_Handler
                0x000000000800158c                EXTI15_10_IRQHandler
                0x000000000800158c                ADC_IRQHandler
                0x000000000800158c                DMA1_Stream7_IRQHandler
                0x000000000800158c                TIM5_IRQHandler
                0x000000000800158c                DMA2_Stream7_IRQHandler
                0x000000000800158c                I2C3_EV_IRQHandler
                0x000000000800158c                EXTI9_5_IRQHandler
                0x000000000800158c                RTC_WKUP_IRQHandler
                0x000000000800158c                SPI2_IRQHandler
                0x000000000800158c                DMA1_Stream0_IRQHandler
                0x000000000800158c                EXTI4_IRQHandler
                0x000000000800158c                WWDG_IRQHandler
                0x000000000800158c                TIM2_IRQHandler
                0x000000000800158c                OTG_FS_WKUP_IRQHandler
                0x000000000800158c                TIM1_TRG_COM_TIM11_IRQHandler
                0x000000000800158c                EXTI1_IRQHandler
                0x000000000800158c                USART2_IRQHandler
                0x000000000800158c                I2C2_ER_IRQHandler
                0x000000000800158c                DMA2_Stream1_IRQHandler
                0x000000000800158c                FLASH_IRQHandler
                0x000000000800158c                DMA2_Stream4_IRQHandler
                0x000000000800158c                USART1_IRQHandler
                0x000000000800158c                SPI3_IRQHandler
                0x000000000800158c                DMA1_Stream4_IRQHandler
                0x000000000800158c                I2C1_ER_IRQHandler
                0x000000000800158c                DMA2_Stream6_IRQHandler
                0x000000000800158c                DMA1_Stream3_IRQHandler
 *fill*         0x000000000800158e        0x2 
 .text.HAL_Init
                0x0000000008001590       0x44 ./Drivers/STM32F4xx_HAL_Driver/Src/stm32f4xx_hal.o
                0x0000000008001590                HAL_Init
 .text.HAL_IncTick
                0x00000000080015d4       0x28 ./Drivers/STM32F4xx_HAL_Driver/Src/stm32f4xx_hal.o
                0x00000000080015d4                HAL_IncTick
 .text.HAL_GetTick
                0x00000000080015fc       0x18 ./Drivers/STM32F4xx_HAL_Driver/Src/stm32f4xx_hal.o
                0x00000000080015fc                HAL_GetTick
 .text.HAL_Delay
                0x0000000008001614       0x48 ./Drivers/STM32F4xx_HAL_Driver/Src/stm32f4xx_hal.o
                0x0000000008001614                HAL_Delay
 .text.HAL_ADC_Init
                0x000000000800165c       0x86 ./Drivers/STM32F4xx_HAL_Driver/Src/stm32f4xx_hal_adc.o
                0x000000000800165c                HAL_ADC_Init
 *fill*         0x00000000080016e2        0x2 
 .text.HAL_ADC_Start
                0x00000000080016e4      0x168 ./Drivers/STM32F4xx_HAL_Driver/Src/stm32f4xx_hal_adc.o
                0x00000000080016e4                HAL_ADC_Start
 .text.HAL_ADC_Stop
                0x000000000800184c       0x66 ./Drivers/STM32F4xx_HAL_Driver/Src/stm32f4xx_hal_adc.o
                0x000000000800184c                HAL_ADC_Stop
 .text.HAL_ADC_PollForConversion
                0x00000000080018b2      0x116 ./Drivers/STM32F4xx_HAL_Driver/Src/stm32f4xx_hal_adc.o
                0x00000000080018b2                HAL_ADC_PollForConversion
 .text.HAL_ADC_GetValue
                0x00000000080019c8       0x1a ./Drivers/STM32F4xx_HAL_Driver/Src/stm32f4xx_hal_adc.o
                0x00000000080019c8                HAL_ADC_GetValue
 *fill*         0x00000000080019e2        0x2 
 .text.HAL_ADC_ConfigChannel
                0x00000000080019e4      0x244 ./Drivers/STM32F4xx_HAL_Driver/Src/stm32f4xx_hal_adc.o
                0x00000000080019e4                HAL_ADC_ConfigChannel
 .text.ADC_Init
                0x0000000008001c28      0x1f8 ./Drivers/STM32F4xx_HAL_Driver/Src/stm32f4xx_hal_adc.o
 .text.__NVIC_SetPriorityGrouping
                0x0000000008001e20       0x48 ./Drivers/STM32F4xx_HAL_Driver/Src/stm32f4xx_hal_cortex.o
 .text.__NVIC_GetPriorityGrouping
                0x0000000008001e68       0x1c ./Drivers/STM32F4xx_HAL_Driver/Src/stm32f4xx_hal_cortex.o
 .text.__NVIC_EnableIRQ
                0x0000000008001e84       0x3c ./Drivers/STM32F4xx_HAL_Driver/Src/stm32f4xx_hal_cortex.o
 .text.__NVIC_SetPriority
                0x0000000008001ec0       0x54 ./Drivers/STM32F4xx_HAL_Driver/Src/stm32f4xx_hal_cortex.o
 .text.NVIC_EncodePriority
                0x0000000008001f14       0x66 ./Drivers/STM32F4xx_HAL_Driver/Src/stm32f4xx_hal_cortex.o
 .text.HAL_NVIC_SetPriorityGrouping
                0x0000000008001f7a       0x16 ./Drivers/STM32F4xx_HAL_Driver/Src/stm32f4xx_hal_cortex.o
                0x0000000008001f7a                HAL_NVIC_SetPriorityGrouping
 .text.HAL_NVIC_SetPriority
                0x0000000008001f90       0x38 ./Drivers/STM32F4xx_HAL_Driver/Src/stm32f4xx_hal_cortex.o
                0x0000000008001f90                HAL_NVIC_SetPriority
 .text.HAL_NVIC_EnableIRQ
                0x0000000008001fc8       0x1c ./Drivers/STM32F4xx_HAL_Driver/Src/stm32f4xx_hal_cortex.o
                0x0000000008001fc8                HAL_NVIC_EnableIRQ
 .text.HAL_GPIO_Init
                0x0000000008001fe4      0x308 ./Drivers/STM32F4xx_HAL_Driver/Src/stm32f4xx_hal_gpio.o
                0x0000000008001fe4                HAL_GPIO_Init
 .text.HAL_I2C_Init
                0x00000000080022ec      0x288 ./Drivers/STM32F4xx_HAL_Driver/Src/stm32f4xx_hal_i2c.o
                0x00000000080022ec                HAL_I2C_Init
 .text.HAL_I2C_Mem_Write
                0x0000000008002574      0x1f4 ./Drivers/STM32F4xx_HAL_Driver/Src/stm32f4xx_hal_i2c.o
                0x0000000008002574                HAL_I2C_Mem_Write
 .text.I2C_RequestMemoryWrite
                0x0000000008002768      0x12c ./Drivers/STM32F4xx_HAL_Driver/Src/stm32f4xx_hal_i2c.o
 .text.I2C_WaitOnFlagUntilTimeout
                0x0000000008002894       0xae ./Drivers/STM32F4xx_HAL_Driver/Src/stm32f4xx_hal_i2c.o
 .text.I2C_WaitOnMasterAddressFlagUntilTimeout
                0x0000000008002942       0xfe ./Drivers/STM32F4xx_HAL_Driver/Src/stm32f4xx_hal_i2c.o
 .text.I2C_WaitOnTXEFlagUntilTimeout
                0x0000000008002a40       0x82 ./Drivers/STM32F4xx_HAL_Driver/Src/stm32f4xx_hal_i2c.o
 .text.I2C_WaitOnBTFFlagUntilTimeout
                0x0000000008002ac2       0x82 ./Drivers/STM32F4xx_HAL_Driver/Src/stm32f4xx_hal_i2c.o
 .text.I2C_IsAcknowledgeFailed
                0x0000000008002b44       0x5e ./Drivers/STM32F4xx_HAL_Driver/Src/stm32f4xx_hal_i2c.o
 .text.HAL_PCD_Init
                0x0000000008002ba2      0x23a ./Drivers/STM32F4xx_HAL_Driver/Src/stm32f4xx_hal_pcd.o
                0x0000000008002ba2                HAL_PCD_Init
 .text.HAL_PCD_Start
                0x0000000008002ddc       0x66 ./Drivers/STM32F4xx_HAL_Driver/Src/stm32f4xx_hal_pcd.o
                0x0000000008002ddc                HAL_PCD_Start
 .text.HAL_PCD_IRQHandler
                0x0000000008002e42      0x93e ./Drivers/STM32F4xx_HAL_Driver/Src/stm32f4xx_hal_pcd.o
                0x0000000008002e42                HAL_PCD_IRQHandler
 .text.HAL_PCD_SetAddress
                0x0000000008003780       0x4a ./Drivers/STM32F4xx_HAL_Driver/Src/stm32f4xx_hal_pcd.o
                0x0000000008003780                HAL_PCD_SetAddress
 .text.HAL_PCD_EP_Open
                0x00000000080037ca       0xd0 ./Drivers/STM32F4xx_HAL_Driver/Src/stm32f4xx_hal_pcd.o
                0x00000000080037ca                HAL_PCD_EP_Open
 .text.HAL_PCD_EP_Close
                0x000000000800389a       0x94 ./Drivers/STM32F4xx_HAL_Driver/Src/stm32f4xx_hal_pcd.o
                0x000000000800389a                HAL_PCD_EP_Close
 .text.HAL_PCD_EP_Receive
                0x000000000800392e       0x96 ./Drivers/STM32F4xx_HAL_Driver/Src/stm32f4xx_hal_pcd.o
                0x000000000800392e                HAL_PCD_EP_Receive
 .text.HAL_PCD_EP_Transmit
                0x00000000080039c4       0x94 ./Drivers/STM32F4xx_HAL_Driver/Src/stm32f4xx_hal_pcd.o
                0x00000000080039c4                HAL_PCD_EP_Transmit
 .text.HAL_PCD_EP_SetStall
                0x0000000008003a58       0xc8 ./Drivers/STM32F4xx_HAL_Driver/Src/stm32f4xx_hal_pcd.o
                0x0000000008003a58                HAL_PCD_EP_SetStall
 .text.HAL_PCD_EP_ClrStall
                0x0000000008003b20       0xac ./Drivers/STM32F4xx_HAL_Driver/Src/stm32f4xx_hal_pcd.o
                0x0000000008003b20                HAL_PCD_EP_ClrStall
 .text.HAL_PCD_EP_Abort
                0x0000000008003bcc       0x62 ./Drivers/STM32F4xx_HAL_Driver/Src/stm32f4xx_hal_pcd.o
                0x0000000008003bcc                HAL_PCD_EP_Abort
 .text.PCD_WriteEmptyTxFifo
                0x0000000008003c2e      0x11a ./Drivers/STM32F4xx_HAL_Driver/Src/stm32f4xx_hal_pcd.o
 .text.PCD_EP_OutXfrComplete_int
                0x0000000008003d48      0x1d0 ./Drivers/STM32F4xx_HAL_Driver/Src/stm32f4xx_hal_pcd.o
 .text.PCD_EP_OutSetupPacket_int
                0x0000000008003f18       0x8c ./Drivers/STM32F4xx_HAL_Driver/Src/stm32f4xx_hal_pcd.o
 .text.HAL_PCDEx_SetTxFiFo
                0x0000000008003fa4       0x8e ./Drivers/STM32F4xx_HAL_Driver/Src/stm32f4xx_hal_pcd_ex.o
                0x0000000008003fa4                HAL_PCDEx_SetTxFiFo
 .text.HAL_PCDEx_SetRxFiFo
                0x0000000008004032       0x22 ./Drivers/STM32F4xx_HAL_Driver/Src/stm32f4xx_hal_pcd_ex.o
                0x0000000008004032                HAL_PCDEx_SetRxFiFo
 .text.HAL_PCDEx_LPM_Callback
                0x0000000008004054       0x18 ./Drivers/STM32F4xx_HAL_Driver/Src/stm32f4xx_hal_pcd_ex.o
                0x0000000008004054                HAL_PCDEx_LPM_Callback
 .text.HAL_RCC_OscConfig
                0x000000000800406c      0x4f0 ./Drivers/STM32F4xx_HAL_Driver/Src/stm32f4xx_hal_rcc.o
                0x000000000800406c                HAL_RCC_OscConfig
 .text.HAL_RCC_ClockConfig
                0x000000000800455c      0x1cc ./Drivers/STM32F4xx_HAL_Driver/Src/stm32f4xx_hal_rcc.o
                0x000000000800455c                HAL_RCC_ClockConfig
 .text.HAL_RCC_GetSysClockFreq
                0x0000000008004728      0x18c ./Drivers/STM32F4xx_HAL_Driver/Src/stm32f4xx_hal_rcc.o
                0x0000000008004728                HAL_RCC_GetSysClockFreq
 .text.HAL_RCC_GetHCLKFreq
                0x00000000080048b4       0x18 ./Drivers/STM32F4xx_HAL_Driver/Src/stm32f4xx_hal_rcc.o
                0x00000000080048b4                HAL_RCC_GetHCLKFreq
 .text.HAL_RCC_GetPCLK1Freq
                0x00000000080048cc       0x28 ./Drivers/STM32F4xx_HAL_Driver/Src/stm32f4xx_hal_rcc.o
                0x00000000080048cc                HAL_RCC_GetPCLK1Freq
 .text.HAL_RCC_GetPCLK2Freq
                0x00000000080048f4       0x28 ./Drivers/STM32F4xx_HAL_Driver/Src/stm32f4xx_hal_rcc.o
                0x00000000080048f4                HAL_RCC_GetPCLK2Freq
 .text.HAL_RCC_GetClockConfig
                0x000000000800491c       0x64 ./Drivers/STM32F4xx_HAL_Driver/Src/stm32f4xx_hal_rcc.o
                0x000000000800491c                HAL_RCC_GetClockConfig
 .text.HAL_TIM_Base_Init
                0x0000000008004980       0x9e ./Drivers/STM32F4xx_HAL_Driver/Src/stm32f4xx_hal_tim.o
                0x0000000008004980                HAL_TIM_Base_Init
 .text.HAL_TIM_Base_MspInit
                0x0000000008004a1e       0x14 ./Drivers/STM32F4xx_HAL_Driver/Src/stm32f4xx_hal_tim.o
                0x0000000008004a1e                HAL_TIM_Base_MspInit
 *fill*         0x0000000008004a32        0x2 
 .text.HAL_TIM_Base_Start_IT
                0x0000000008004a34       0xc4 ./Drivers/STM32F4xx_HAL_Driver/Src/stm32f4xx_hal_tim.o
                0x0000000008004a34                HAL_TIM_Base_Start_IT
 .text.HAL_TIM_Encoder_Init
                0x0000000008004af8      0x14c ./Drivers/STM32F4xx_HAL_Driver/Src/stm32f4xx_hal_tim.o
                0x0000000008004af8                HAL_TIM_Encoder_Init
 .text.HAL_TIM_IRQHandler
                0x0000000008004c44      0x210 ./Drivers/STM32F4xx_HAL_Driver/Src/stm32f4xx_hal_tim.o
                0x0000000008004c44                HAL_TIM_IRQHandler
 .text.HAL_TIM_OC_DelayElapsedCallback
                0x0000000008004e54       0x14 ./Drivers/STM32F4xx_HAL_Driver/Src/stm32f4xx_hal_tim.o
                0x0000000008004e54                HAL_TIM_OC_DelayElapsedCallback
 .text.HAL_TIM_IC_CaptureCallback
                0x0000000008004e68       0x14 ./Drivers/STM32F4xx_HAL_Driver/Src/stm32f4xx_hal_tim.o
                0x0000000008004e68                HAL_TIM_IC_CaptureCallback
 .text.HAL_TIM_PWM_PulseFinishedCallback
                0x0000000008004e7c       0x14 ./Drivers/STM32F4xx_HAL_Driver/Src/stm32f4xx_hal_tim.o
                0x0000000008004e7c                HAL_TIM_PWM_PulseFinishedCallback
 .text.HAL_TIM_TriggerCallback
                0x0000000008004e90       0x14 ./Drivers/STM32F4xx_HAL_Driver/Src/stm32f4xx_hal_tim.o
                0x0000000008004e90                HAL_TIM_TriggerCallback
 .text.TIM_Base_SetConfig
                0x0000000008004ea4      0x100 ./Drivers/STM32F4xx_HAL_Driver/Src/stm32f4xx_hal_tim.o
                0x0000000008004ea4                TIM_Base_SetConfig
 .text.HAL_TIMEx_MasterConfigSynchronization
                0x0000000008004fa4       0xdc ./Drivers/STM32F4xx_HAL_Driver/Src/stm32f4xx_hal_tim_ex.o
                0x0000000008004fa4                HAL_TIMEx_MasterConfigSynchronization
 .text.HAL_TIMEx_CommutCallback
                0x0000000008005080       0x14 ./Drivers/STM32F4xx_HAL_Driver/Src/stm32f4xx_hal_tim_ex.o
                0x0000000008005080                HAL_TIMEx_CommutCallback
 .text.HAL_TIMEx_BreakCallback
                0x0000000008005094       0x14 ./Drivers/STM32F4xx_HAL_Driver/Src/stm32f4xx_hal_tim_ex.o
                0x0000000008005094                HAL_TIMEx_BreakCallback
 .text.USB_CoreInit
                0x00000000080050a8       0xc2 ./Drivers/STM32F4xx_HAL_Driver/Src/stm32f4xx_ll_usb.o
                0x00000000080050a8                USB_CoreInit
 *fill*         0x000000000800516a        0x2 
 .text.USB_SetTurnaroundTime
                0x000000000800516c      0x144 ./Drivers/STM32F4xx_HAL_Driver/Src/stm32f4xx_ll_usb.o
                0x000000000800516c                USB_SetTurnaroundTime
 .text.USB_EnableGlobalInt
                0x00000000080052b0       0x22 ./Drivers/STM32F4xx_HAL_Driver/Src/stm32f4xx_ll_usb.o
                0x00000000080052b0                USB_EnableGlobalInt
 .text.USB_DisableGlobalInt
                0x00000000080052d2       0x22 ./Drivers/STM32F4xx_HAL_Driver/Src/stm32f4xx_ll_usb.o
                0x00000000080052d2                USB_DisableGlobalInt
 .text.USB_SetCurrentMode
                0x00000000080052f4       0x98 ./Drivers/STM32F4xx_HAL_Driver/Src/stm32f4xx_ll_usb.o
                0x00000000080052f4                USB_SetCurrentMode
 .text.USB_DevInit
                0x000000000800538c      0x2c8 ./Drivers/STM32F4xx_HAL_Driver/Src/stm32f4xx_ll_usb.o
                0x000000000800538c                USB_DevInit
 .text.USB_FlushTxFifo
                0x0000000008005654       0x68 ./Drivers/STM32F4xx_HAL_Driver/Src/stm32f4xx_ll_usb.o
                0x0000000008005654                USB_FlushTxFifo
 .text.USB_FlushRxFifo
                0x00000000080056bc       0x60 ./Drivers/STM32F4xx_HAL_Driver/Src/stm32f4xx_ll_usb.o
                0x00000000080056bc                USB_FlushRxFifo
 .text.USB_SetDevSpeed
                0x000000000800571c       0x32 ./Drivers/STM32F4xx_HAL_Driver/Src/stm32f4xx_ll_usb.o
                0x000000000800571c                USB_SetDevSpeed
 .text.USB_GetDevSpeed
                0x000000000800574e       0x4a ./Drivers/STM32F4xx_HAL_Driver/Src/stm32f4xx_ll_usb.o
                0x000000000800574e                USB_GetDevSpeed
 .text.USB_ActivateEndpoint
                0x0000000008005798      0x10e ./Drivers/STM32F4xx_HAL_Driver/Src/stm32f4xx_ll_usb.o
                0x0000000008005798                USB_ActivateEndpoint
 *fill*         0x00000000080058a6        0x2 
 .text.USB_DeactivateEndpoint
                0x00000000080058a8      0x1b8 ./Drivers/STM32F4xx_HAL_Driver/Src/stm32f4xx_ll_usb.o
                0x00000000080058a8                USB_DeactivateEndpoint
 .text.USB_EPStartXfer
                0x0000000008005a60      0x490 ./Drivers/STM32F4xx_HAL_Driver/Src/stm32f4xx_ll_usb.o
                0x0000000008005a60                USB_EPStartXfer
 .text.USB_EP0StartXfer
                0x0000000008005ef0      0x2b0 ./Drivers/STM32F4xx_HAL_Driver/Src/stm32f4xx_ll_usb.o
                0x0000000008005ef0                USB_EP0StartXfer
 .text.USB_EPStopXfer
                0x00000000080061a0      0x154 ./Drivers/STM32F4xx_HAL_Driver/Src/stm32f4xx_ll_usb.o
                0x00000000080061a0                USB_EPStopXfer
 .text.USB_WritePacket
                0x00000000080062f4       0x7c ./Drivers/STM32F4xx_HAL_Driver/Src/stm32f4xx_ll_usb.o
                0x00000000080062f4                USB_WritePacket
 .text.USB_ReadPacket
                0x0000000008006370       0xb0 ./Drivers/STM32F4xx_HAL_Driver/Src/stm32f4xx_ll_usb.o
                0x0000000008006370                USB_ReadPacket
 .text.USB_EPSetStall
                0x0000000008006420       0xdc ./Drivers/STM32F4xx_HAL_Driver/Src/stm32f4xx_ll_usb.o
                0x0000000008006420                USB_EPSetStall
 .text.USB_EPClearStall
                0x00000000080064fc       0xcc ./Drivers/STM32F4xx_HAL_Driver/Src/stm32f4xx_ll_usb.o
                0x00000000080064fc                USB_EPClearStall
 .text.USB_SetDevAddress
                0x00000000080065c8       0x4c ./Drivers/STM32F4xx_HAL_Driver/Src/stm32f4xx_ll_usb.o
                0x00000000080065c8                USB_SetDevAddress
 .text.USB_DevConnect
                0x0000000008006614       0x42 ./Drivers/STM32F4xx_HAL_Driver/Src/stm32f4xx_ll_usb.o
                0x0000000008006614                USB_DevConnect
 .text.USB_DevDisconnect
                0x0000000008006656       0x42 ./Drivers/STM32F4xx_HAL_Driver/Src/stm32f4xx_ll_usb.o
                0x0000000008006656                USB_DevDisconnect
 .text.USB_ReadInterrupts
                0x0000000008006698       0x26 ./Drivers/STM32F4xx_HAL_Driver/Src/stm32f4xx_ll_usb.o
                0x0000000008006698                USB_ReadInterrupts
 .text.USB_ReadDevAllOutEpInterrupt
                0x00000000080066be       0x34 ./Drivers/STM32F4xx_HAL_Driver/Src/stm32f4xx_ll_usb.o
                0x00000000080066be                USB_ReadDevAllOutEpInterrupt
 .text.USB_ReadDevAllInEpInterrupt
                0x00000000080066f2       0x34 ./Drivers/STM32F4xx_HAL_Driver/Src/stm32f4xx_ll_usb.o
                0x00000000080066f2                USB_ReadDevAllInEpInterrupt
 .text.USB_ReadDevOutEPInterrupt
                0x0000000008006726       0x3c ./Drivers/STM32F4xx_HAL_Driver/Src/stm32f4xx_ll_usb.o
                0x0000000008006726                USB_ReadDevOutEPInterrupt
 .text.USB_ReadDevInEPInterrupt
                0x0000000008006762       0x5c ./Drivers/STM32F4xx_HAL_Driver/Src/stm32f4xx_ll_usb.o
                0x0000000008006762                USB_ReadDevInEPInterrupt
 .text.USB_GetMode
                0x00000000080067be       0x1c ./Drivers/STM32F4xx_HAL_Driver/Src/stm32f4xx_ll_usb.o
                0x00000000080067be                USB_GetMode
 .text.USB_ActivateSetup
                0x00000000080067da       0x46 ./Drivers/STM32F4xx_HAL_Driver/Src/stm32f4xx_ll_usb.o
                0x00000000080067da                USB_ActivateSetup
 .text.USB_EP0_OutStart
                0x0000000008006820       0xbc ./Drivers/STM32F4xx_HAL_Driver/Src/stm32f4xx_ll_usb.o
                0x0000000008006820                USB_EP0_OutStart
 .text.USB_CoreReset
                0x00000000080068dc       0x68 ./Drivers/STM32F4xx_HAL_Driver/Src/stm32f4xx_ll_usb.o
 .text.USBD_CUSTOM_HID_Init
                0x0000000008006944      0x158 ./Middlewares/ST/STM32_USB_Device_Library/Class/CustomHID/Src/usbd_customhid.o
 .text.USBD_CUSTOM_HID_DeInit
                0x0000000008006a9c       0xf4 ./Middlewares/ST/STM32_USB_Device_Library/Class/CustomHID/Src/usbd_customhid.o
 .text.USBD_CUSTOM_HID_Setup
                0x0000000008006b90      0x234 ./Middlewares/ST/STM32_USB_Device_Library/Class/CustomHID/Src/usbd_customhid.o
 .text.USBD_CUSTOM_HID_SendReport
                0x0000000008006dc4       0x74 ./Middlewares/ST/STM32_USB_Device_Library/Class/CustomHID/Src/usbd_customhid.o
                0x0000000008006dc4                USBD_CUSTOM_HID_SendReport
 .text.USBD_CUSTOM_HID_GetFSCfgDesc
                0x0000000008006e38       0x64 ./Middlewares/ST/STM32_USB_Device_Library/Class/CustomHID/Src/usbd_customhid.o
 .text.USBD_CUSTOM_HID_GetHSCfgDesc
                0x0000000008006e9c       0x64 ./Middlewares/ST/STM32_USB_Device_Library/Class/CustomHID/Src/usbd_customhid.o
 .text.USBD_CUSTOM_HID_GetOtherSpeedCfgDesc
                0x0000000008006f00       0x64 ./Middlewares/ST/STM32_USB_Device_Library/Class/CustomHID/Src/usbd_customhid.o
 .text.USBD_CUSTOM_HID_DataIn
                0x0000000008006f64       0x2e ./Middlewares/ST/STM32_USB_Device_Library/Class/CustomHID/Src/usbd_customhid.o
 .text.USBD_CUSTOM_HID_DataOut
                0x0000000008006f92       0x5a ./Middlewares/ST/STM32_USB_Device_Library/Class/CustomHID/Src/usbd_customhid.o
 .text.USBD_CUSTOM_HID_ReceivePacket
                0x0000000008006fec       0x4c ./Middlewares/ST/STM32_USB_Device_Library/Class/CustomHID/Src/usbd_customhid.o
                0x0000000008006fec                USBD_CUSTOM_HID_ReceivePacket
 .text.USBD_CUSTOM_HID_EP0_RxReady
                0x0000000008007038       0x58 ./Middlewares/ST/STM32_USB_Device_Library/Class/CustomHID/Src/usbd_customhid.o
 .text.USBD_CUSTOM_HID_GetDeviceQualifierDesc
                0x0000000008007090       0x20 ./Middlewares/ST/STM32_USB_Device_Library/Class/CustomHID/Src/usbd_customhid.o
 .text.USBD_CUSTOM_HID_RegisterInterface
                0x00000000080070b0       0x34 ./Middlewares/ST/STM32_USB_Device_Library/Class/CustomHID/Src/usbd_customhid.o
                0x00000000080070b0                USBD_CUSTOM_HID_RegisterInterface
 .text.USBD_Init
                0x00000000080070e4       0x60 ./Middlewares/ST/STM32_USB_Device_Library/Core/Src/usbd_core.o
                0x00000000080070e4                USBD_Init
 .text.USBD_RegisterClass
                0x0000000008007144       0x6c ./Middlewares/ST/STM32_USB_Device_Library/Core/Src/usbd_core.o
                0x0000000008007144                USBD_RegisterClass
 .text.USBD_Start
                0x00000000080071b0       0x18 ./Middlewares/ST/STM32_USB_Device_Library/Core/Src/usbd_core.o
                0x00000000080071b0                USBD_Start
 .text.USBD_RunTestMode
                0x00000000080071c8       0x16 ./Middlewares/ST/STM32_USB_Device_Library/Core/Src/usbd_core.o
                0x00000000080071c8                USBD_RunTestMode
 .text.USBD_SetClassConfig
                0x00000000080071de       0x38 ./Middlewares/ST/STM32_USB_Device_Library/Core/Src/usbd_core.o
                0x00000000080071de                USBD_SetClassConfig
 .text.USBD_ClrClassConfig
                0x0000000008007216       0x34 ./Middlewares/ST/STM32_USB_Device_Library/Core/Src/usbd_core.o
                0x0000000008007216                USBD_ClrClassConfig
 .text.USBD_LL_SetupStage
                0x000000000800724a       0xaa ./Middlewares/ST/STM32_USB_Device_Library/Core/Src/usbd_core.o
                0x000000000800724a                USBD_LL_SetupStage
 .text.USBD_LL_DataOutStage
                0x00000000080072f4      0x166 ./Middlewares/ST/STM32_USB_Device_Library/Core/Src/usbd_core.o
                0x00000000080072f4                USBD_LL_DataOutStage
 .text.USBD_LL_DataInStage
                0x000000000800745a      0x164 ./Middlewares/ST/STM32_USB_Device_Library/Core/Src/usbd_core.o
                0x000000000800745a                USBD_LL_DataInStage
 .text.USBD_LL_Reset
                0x00000000080075be       0xa4 ./Middlewares/ST/STM32_USB_Device_Library/Core/Src/usbd_core.o
                0x00000000080075be                USBD_LL_Reset
 .text.USBD_LL_SetSpeed
                0x0000000008007662       0x20 ./Middlewares/ST/STM32_USB_Device_Library/Core/Src/usbd_core.o
                0x0000000008007662                USBD_LL_SetSpeed
 .text.USBD_LL_Suspend
                0x0000000008007682       0x2c ./Middlewares/ST/STM32_USB_Device_Library/Core/Src/usbd_core.o
                0x0000000008007682                USBD_LL_Suspend
 .text.USBD_LL_Resume
                0x00000000080076ae       0x30 ./Middlewares/ST/STM32_USB_Device_Library/Core/Src/usbd_core.o
                0x00000000080076ae                USBD_LL_Resume
 .text.USBD_LL_SOF
                0x00000000080076de       0x40 ./Middlewares/ST/STM32_USB_Device_Library/Core/Src/usbd_core.o
                0x00000000080076de                USBD_LL_SOF
 .text.USBD_LL_IsoINIncomplete
                0x000000000800771e       0x64 ./Middlewares/ST/STM32_USB_Device_Library/Core/Src/usbd_core.o
                0x000000000800771e                USBD_LL_IsoINIncomplete
 .text.USBD_LL_IsoOUTIncomplete
                0x0000000008007782       0x64 ./Middlewares/ST/STM32_USB_Device_Library/Core/Src/usbd_core.o
                0x0000000008007782                USBD_LL_IsoOUTIncomplete
 .text.USBD_LL_DevConnected
                0x00000000080077e6       0x16 ./Middlewares/ST/STM32_USB_Device_Library/Core/Src/usbd_core.o
                0x00000000080077e6                USBD_LL_DevConnected
 .text.USBD_LL_DevDisconnected
                0x00000000080077fc       0x46 ./Middlewares/ST/STM32_USB_Device_Library/Core/Src/usbd_core.o
                0x00000000080077fc                USBD_LL_DevDisconnected
 .text.USBD_CoreFindIF
                0x0000000008007842       0x1a ./Middlewares/ST/STM32_USB_Device_Library/Core/Src/usbd_core.o
                0x0000000008007842                USBD_CoreFindIF
 .text.USBD_CoreFindEP
                0x000000000800785c       0x1a ./Middlewares/ST/STM32_USB_Device_Library/Core/Src/usbd_core.o
                0x000000000800785c                USBD_CoreFindEP
 .text.USBD_GetEpDesc
                0x0000000008007876       0x74 ./Middlewares/ST/STM32_USB_Device_Library/Core/Src/usbd_core.o
                0x0000000008007876                USBD_GetEpDesc
 .text.USBD_GetNextDesc
                0x00000000080078ea       0x3a ./Middlewares/ST/STM32_USB_Device_Library/Core/Src/usbd_core.o
                0x00000000080078ea                USBD_GetNextDesc
 .text.SWAPBYTE
                0x0000000008007924       0x3c ./Middlewares/ST/STM32_USB_Device_Library/Core/Src/usbd_ctlreq.o
 .text.USBD_StdDevReq
                0x0000000008007960       0xe4 ./Middlewares/ST/STM32_USB_Device_Library/Core/Src/usbd_ctlreq.o
                0x0000000008007960                USBD_StdDevReq
 .text.USBD_StdItfReq
                0x0000000008007a44       0xd8 ./Middlewares/ST/STM32_USB_Device_Library/Core/Src/usbd_ctlreq.o
                0x0000000008007a44                USBD_StdItfReq
 .text.USBD_StdEPReq
                0x0000000008007b1c      0x33a ./Middlewares/ST/STM32_USB_Device_Library/Core/Src/usbd_ctlreq.o
                0x0000000008007b1c                USBD_StdEPReq
 *fill*         0x0000000008007e56        0x2 
 .text.USBD_GetDescriptor
                0x0000000008007e58      0x2d4 ./Middlewares/ST/STM32_USB_Device_Library/Core/Src/usbd_ctlreq.o
 .text.USBD_SetAddress
                0x000000000800812c       0x88 ./Middlewares/ST/STM32_USB_Device_Library/Core/Src/usbd_ctlreq.o
 .text.USBD_SetConfig
                0x00000000080081b4      0x154 ./Middlewares/ST/STM32_USB_Device_Library/Core/Src/usbd_ctlreq.o
 .text.USBD_GetConfig
                0x0000000008008308       0x6c ./Middlewares/ST/STM32_USB_Device_Library/Core/Src/usbd_ctlreq.o
 .text.USBD_GetStatus
                0x0000000008008374       0x68 ./Middlewares/ST/STM32_USB_Device_Library/Core/Src/usbd_ctlreq.o
 .text.USBD_SetFeature
                0x00000000080083dc       0x52 ./Middlewares/ST/STM32_USB_Device_Library/Core/Src/usbd_ctlreq.o
 .text.USBD_ClrFeature
                0x000000000800842e       0x44 ./Middlewares/ST/STM32_USB_Device_Library/Core/Src/usbd_ctlreq.o
 .text.USBD_ParseSetupRequest
                0x0000000008008472       0x74 ./Middlewares/ST/STM32_USB_Device_Library/Core/Src/usbd_ctlreq.o
                0x0000000008008472                USBD_ParseSetupRequest
 .text.USBD_CtlError
                0x00000000080084e6       0x22 ./Middlewares/ST/STM32_USB_Device_Library/Core/Src/usbd_ctlreq.o
                0x00000000080084e6                USBD_CtlError
 .text.USBD_GetString
                0x0000000008008508       0x8c ./Middlewares/ST/STM32_USB_Device_Library/Core/Src/usbd_ctlreq.o
                0x0000000008008508                USBD_GetString
 .text.USBD_GetLen
                0x0000000008008594       0x34 ./Middlewares/ST/STM32_USB_Device_Library/Core/Src/usbd_ctlreq.o
 .text.USBD_CtlSendData
                0x00000000080085c8       0x36 ./Middlewares/ST/STM32_USB_Device_Library/Core/Src/usbd_ioreq.o
                0x00000000080085c8                USBD_CtlSendData
 .text.USBD_CtlContinueSendData
                0x00000000080085fe       0x22 ./Middlewares/ST/STM32_USB_Device_Library/Core/Src/usbd_ioreq.o
                0x00000000080085fe                USBD_CtlContinueSendData
 .text.USBD_CtlPrepareRx
                0x0000000008008620       0x3a ./Middlewares/ST/STM32_USB_Device_Library/Core/Src/usbd_ioreq.o
                0x0000000008008620                USBD_CtlPrepareRx
 .text.USBD_CtlContinueRx
                0x000000000800865a       0x22 ./Middlewares/ST/STM32_USB_Device_Library/Core/Src/usbd_ioreq.o
                0x000000000800865a                USBD_CtlContinueRx
 .text.USBD_CtlSendStatus
                0x000000000800867c       0x26 ./Middlewares/ST/STM32_USB_Device_Library/Core/Src/usbd_ioreq.o
                0x000000000800867c                USBD_CtlSendStatus
 .text.USBD_CtlReceiveStatus
                0x00000000080086a2       0x26 ./Middlewares/ST/STM32_USB_Device_Library/Core/Src/usbd_ioreq.o
                0x00000000080086a2                USBD_CtlReceiveStatus
 .text.makeFreeRtosPriority
                0x00000000080086c8       0x30 ./Middlewares/Third_Party/FreeRTOS/Source/CMSIS_RTOS/cmsis_os.o
 .text.osKernelStart
                0x00000000080086f8        0xe ./Middlewares/Third_Party/FreeRTOS/Source/CMSIS_RTOS/cmsis_os.o
                0x00000000080086f8                osKernelStart
 .text.osThreadCreate
                0x0000000008008706       0x98 ./Middlewares/Third_Party/FreeRTOS/Source/CMSIS_RTOS/cmsis_os.o
                0x0000000008008706                osThreadCreate
 .text.osDelay  0x000000000800879e       0x28 ./Middlewares/Third_Party/FreeRTOS/Source/CMSIS_RTOS/cmsis_os.o
                0x000000000800879e                osDelay
 .text.vListInitialise
                0x00000000080087c6       0x40 ./Middlewares/Third_Party/FreeRTOS/Source/list.o
                0x00000000080087c6                vListInitialise
 .text.vListInitialiseItem
                0x0000000008008806       0x1a ./Middlewares/Third_Party/FreeRTOS/Source/list.o
                0x0000000008008806                vListInitialiseItem
 .text.vListInsertEnd
                0x0000000008008820       0x48 ./Middlewares/Third_Party/FreeRTOS/Source/list.o
                0x0000000008008820                vListInsertEnd
 .text.vListInsert
                0x0000000008008868       0x72 ./Middlewares/Third_Party/FreeRTOS/Source/list.o
                0x0000000008008868                vListInsert
 .text.uxListRemove
                0x00000000080088da       0x54 ./Middlewares/Third_Party/FreeRTOS/Source/list.o
                0x00000000080088da                uxListRemove
 .text.xTaskCreateStatic
                0x000000000800892e       0xba ./Middlewares/Third_Party/FreeRTOS/Source/tasks.o
                0x000000000800892e                xTaskCreateStatic
 .text.xTaskCreate
                0x00000000080089e8       0x8a ./Middlewares/Third_Party/FreeRTOS/Source/tasks.o
                0x00000000080089e8                xTaskCreate
 .text.prvInitialiseNewTask
                0x0000000008008a72      0x10e ./Middlewares/Third_Party/FreeRTOS/Source/tasks.o
 .text.prvAddNewTaskToReadyList
                0x0000000008008b80       0xd4 ./Middlewares/Third_Party/FreeRTOS/Source/tasks.o
 .text.vTaskDelay
                0x0000000008008c54       0x68 ./Middlewares/Third_Party/FreeRTOS/Source/tasks.o
                0x0000000008008c54                vTaskDelay
 .text.vTaskStartScheduler
                0x0000000008008cbc       0xc0 ./Middlewares/Third_Party/FreeRTOS/Source/tasks.o
                0x0000000008008cbc                vTaskStartScheduler
 .text.vTaskSuspendAll
                0x0000000008008d7c       0x1c ./Middlewares/Third_Party/FreeRTOS/Source/tasks.o
                0x0000000008008d7c                vTaskSuspendAll
 .text.xTaskResumeAll
                0x0000000008008d98      0x138 ./Middlewares/Third_Party/FreeRTOS/Source/tasks.o
                0x0000000008008d98                xTaskResumeAll
 .text.xTaskIncrementTick
                0x0000000008008ed0      0x170 ./Middlewares/Third_Party/FreeRTOS/Source/tasks.o
                0x0000000008008ed0                xTaskIncrementTick
 .text.vTaskSwitchContext
                0x0000000008009040       0xb8 ./Middlewares/Third_Party/FreeRTOS/Source/tasks.o
                0x0000000008009040                vTaskSwitchContext
 .text.prvIdleTask
                0x00000000080090f8       0x30 ./Middlewares/Third_Party/FreeRTOS/Source/tasks.o
 .text.prvInitialiseTaskLists
                0x0000000008009128       0x80 ./Middlewares/Third_Party/FreeRTOS/Source/tasks.o
 .text.prvCheckTasksWaitingTermination
                0x00000000080091a8       0x5c ./Middlewares/Third_Party/FreeRTOS/Source/tasks.o
 .text.prvDeleteTCB
                0x0000000008009204       0x5e ./Middlewares/Third_Party/FreeRTOS/Source/tasks.o
 *fill*         0x0000000008009262        0x2 
 .text.prvResetNextTaskUnblockTime
                0x0000000008009264       0x40 ./Middlewares/Third_Party/FreeRTOS/Source/tasks.o
 .text.prvAddCurrentTaskToDelayedList
                0x00000000080092a4       0xcc ./Middlewares/Third_Party/FreeRTOS/Source/tasks.o
 .text.pxPortInitialiseStack
                0x0000000008009370       0x68 ./Middlewares/Third_Party/FreeRTOS/Source/portable/GCC/ARM_CM4F/port.o
                0x0000000008009370                pxPortInitialiseStack
 .text.prvTaskExitError
                0x00000000080093d8       0x58 ./Middlewares/Third_Party/FreeRTOS/Source/portable/GCC/ARM_CM4F/port.o
 .text.SVC_Handler
                0x0000000008009430       0x28 ./Middlewares/Third_Party/FreeRTOS/Source/portable/GCC/ARM_CM4F/port.o
                0x0000000008009430                SVC_Handler
 .text.prvPortStartFirstTask
                0x0000000008009458       0x28 ./Middlewares/Third_Party/FreeRTOS/Source/portable/GCC/ARM_CM4F/port.o
 .text.xPortStartScheduler
                0x0000000008009480      0x144 ./Middlewares/Third_Party/FreeRTOS/Source/portable/GCC/ARM_CM4F/port.o
                0x0000000008009480                xPortStartScheduler
 .text.vPortEnterCritical
                0x00000000080095c4       0x60 ./Middlewares/Third_Party/FreeRTOS/Source/portable/GCC/ARM_CM4F/port.o
                0x00000000080095c4                vPortEnterCritical
 .text.vPortExitCritical
                0x0000000008009624       0x54 ./Middlewares/Third_Party/FreeRTOS/Source/portable/GCC/ARM_CM4F/port.o
                0x0000000008009624                vPortExitCritical
 *fill*         0x0000000008009678        0x8 
 .text.PendSV_Handler
                0x0000000008009680       0x68 ./Middlewares/Third_Party/FreeRTOS/Source/portable/GCC/ARM_CM4F/port.o
                0x0000000008009680                PendSV_Handler
 .text.SysTick_Handler
                0x00000000080096e8       0x44 ./Middlewares/Third_Party/FreeRTOS/Source/portable/GCC/ARM_CM4F/port.o
                0x00000000080096e8                SysTick_Handler
 .text.vPortSetupTimerInterrupt
                0x000000000800972c       0x48 ./Middlewares/Third_Party/FreeRTOS/Source/portable/GCC/ARM_CM4F/port.o
                0x000000000800972c                vPortSetupTimerInterrupt
 .text.vPortEnableVFP
                0x0000000008009774       0x14 ./Middlewares/Third_Party/FreeRTOS/Source/portable/GCC/ARM_CM4F/port.o
 .text.pvPortMalloc
                0x0000000008009788      0x198 ./Middlewares/Third_Party/FreeRTOS/Source/portable/MemMang/heap_4.o
                0x0000000008009788                pvPortMalloc
 .text.vPortFree
                0x0000000008009920       0xc4 ./Middlewares/Third_Party/FreeRTOS/Source/portable/MemMang/heap_4.o
                0x0000000008009920                vPortFree
 .text.prvHeapInit
                0x00000000080099e4       0xc4 ./Middlewares/Third_Party/FreeRTOS/Source/portable/MemMang/heap_4.o
 .text.prvInsertBlockIntoFreeList
                0x0000000008009aa8       0xb4 ./Middlewares/Third_Party/FreeRTOS/Source/portable/MemMang/heap_4.o
 .text.MX_USB_DEVICE_Init
                0x0000000008009b5c       0x60 ./USB_DEVICE/App/usb_device.o
                0x0000000008009b5c                MX_USB_DEVICE_Init
 .text.CUSTOM_HID_Init_FS
                0x0000000008009bbc       0x10 ./USB_DEVICE/App/usbd_custom_hid_if.o
 .text.CUSTOM_HID_DeInit_FS
                0x0000000008009bcc       0x10 ./USB_DEVICE/App/usbd_custom_hid_if.o
 .text.CUSTOM_HID_OutEvent_FS
                0x0000000008009bdc       0x30 ./USB_DEVICE/App/usbd_custom_hid_if.o
 .text.USBD_FS_DeviceDescriptor
                0x0000000008009c0c       0x24 ./USB_DEVICE/App/usbd_desc.o
                0x0000000008009c0c                USBD_FS_DeviceDescriptor
 .text.USBD_FS_LangIDStrDescriptor
                0x0000000008009c30       0x24 ./USB_DEVICE/App/usbd_desc.o
                0x0000000008009c30                USBD_FS_LangIDStrDescriptor
 .text.USBD_FS_ProductStrDescriptor
                0x0000000008009c54       0x3c ./USB_DEVICE/App/usbd_desc.o
                0x0000000008009c54                USBD_FS_ProductStrDescriptor
 .text.USBD_FS_ManufacturerStrDescriptor
                0x0000000008009c90       0x28 ./USB_DEVICE/App/usbd_desc.o
                0x0000000008009c90                USBD_FS_ManufacturerStrDescriptor
 .text.USBD_FS_SerialStrDescriptor
                0x0000000008009cb8       0x24 ./USB_DEVICE/App/usbd_desc.o
                0x0000000008009cb8                USBD_FS_SerialStrDescriptor
 .text.USBD_FS_ConfigStrDescriptor
                0x0000000008009cdc       0x3c ./USB_DEVICE/App/usbd_desc.o
                0x0000000008009cdc                USBD_FS_ConfigStrDescriptor
 .text.USBD_FS_InterfaceStrDescriptor
                0x0000000008009d18       0x3c ./USB_DEVICE/App/usbd_desc.o
                0x0000000008009d18                USBD_FS_InterfaceStrDescriptor
 .text.Get_SerialNum
                0x0000000008009d54       0x58 ./USB_DEVICE/App/usbd_desc.o
 .text.IntToUnicode
                0x0000000008009dac       0x7e ./USB_DEVICE/App/usbd_desc.o
 *fill*         0x0000000008009e2a        0x2 
 .text.HAL_PCD_MspInit
                0x0000000008009e2c       0xa8 ./USB_DEVICE/Target/usbd_conf.o
                0x0000000008009e2c                HAL_PCD_MspInit
 .text.HAL_PCD_SetupStageCallback
                0x0000000008009ed4       0x24 ./USB_DEVICE/Target/usbd_conf.o
                0x0000000008009ed4                HAL_PCD_SetupStageCallback
 .text.HAL_PCD_DataOutStageCallback
                0x0000000008009ef8       0x36 ./USB_DEVICE/Target/usbd_conf.o
                0x0000000008009ef8                HAL_PCD_DataOutStageCallback
 .text.HAL_PCD_DataInStageCallback
                0x0000000008009f2e       0x34 ./USB_DEVICE/Target/usbd_conf.o
                0x0000000008009f2e                HAL_PCD_DataInStageCallback
 .text.HAL_PCD_SOFCallback
                0x0000000008009f62       0x1c ./USB_DEVICE/Target/usbd_conf.o
                0x0000000008009f62                HAL_PCD_SOFCallback
 .text.HAL_PCD_ResetCallback
                0x0000000008009f7e       0x3c ./USB_DEVICE/Target/usbd_conf.o
                0x0000000008009f7e                HAL_PCD_ResetCallback
 *fill*         0x0000000008009fba        0x2 
 .text.HAL_PCD_SuspendCallback
                0x0000000008009fbc       0x4c ./USB_DEVICE/Target/usbd_conf.o
                0x0000000008009fbc                HAL_PCD_SuspendCallback
 .text.HAL_PCD_ResumeCallback
                0x000000000800a008       0x1c ./USB_DEVICE/Target/usbd_conf.o
                0x000000000800a008                HAL_PCD_ResumeCallback
 .text.HAL_PCD_ISOOUTIncompleteCallback
                0x000000000800a024       0x24 ./USB_DEVICE/Target/usbd_conf.o
                0x000000000800a024                HAL_PCD_ISOOUTIncompleteCallback
 .text.HAL_PCD_ISOINIncompleteCallback
                0x000000000800a048       0x24 ./USB_DEVICE/Target/usbd_conf.o
                0x000000000800a048                HAL_PCD_ISOINIncompleteCallback
 .text.HAL_PCD_ConnectCallback
                0x000000000800a06c       0x1c ./USB_DEVICE/Target/usbd_conf.o
                0x000000000800a06c                HAL_PCD_ConnectCallback
 .text.HAL_PCD_DisconnectCallback
                0x000000000800a088       0x1c ./USB_DEVICE/Target/usbd_conf.o
                0x000000000800a088                HAL_PCD_DisconnectCallback
 .text.USBD_LL_Init
                0x000000000800a0a4       0x98 ./USB_DEVICE/Target/usbd_conf.o
                0x000000000800a0a4                USBD_LL_Init
 .text.USBD_LL_Start
                0x000000000800a13c       0x36 ./USB_DEVICE/Target/usbd_conf.o
                0x000000000800a13c                USBD_LL_Start
 .text.USBD_LL_OpenEP
                0x000000000800a172       0x4c ./USB_DEVICE/Target/usbd_conf.o
                0x000000000800a172                USBD_LL_OpenEP
 .text.USBD_LL_CloseEP
                0x000000000800a1be       0x3e ./USB_DEVICE/Target/usbd_conf.o
                0x000000000800a1be                USBD_LL_CloseEP
 .text.USBD_LL_StallEP
                0x000000000800a1fc       0x3e ./USB_DEVICE/Target/usbd_conf.o
                0x000000000800a1fc                USBD_LL_StallEP
 .text.USBD_LL_ClearStallEP
                0x000000000800a23a       0x3e ./USB_DEVICE/Target/usbd_conf.o
                0x000000000800a23a                USBD_LL_ClearStallEP
 .text.USBD_LL_IsStallEP
                0x000000000800a278       0x58 ./USB_DEVICE/Target/usbd_conf.o
                0x000000000800a278                USBD_LL_IsStallEP
 .text.USBD_LL_SetUSBAddress
                0x000000000800a2d0       0x3e ./USB_DEVICE/Target/usbd_conf.o
                0x000000000800a2d0                USBD_LL_SetUSBAddress
 .text.USBD_LL_Transmit
                0x000000000800a30e       0x42 ./USB_DEVICE/Target/usbd_conf.o
                0x000000000800a30e                USBD_LL_Transmit
 .text.USBD_LL_PrepareReceive
                0x000000000800a350       0x42 ./USB_DEVICE/Target/usbd_conf.o
                0x000000000800a350                USBD_LL_PrepareReceive
 *fill*         0x000000000800a392        0x2 
 .text.USBD_static_malloc
                0x000000000800a394       0x1c ./USB_DEVICE/Target/usbd_conf.o
                0x000000000800a394                USBD_static_malloc
 .text.USBD_static_free
                0x000000000800a3b0       0x14 ./USB_DEVICE/Target/usbd_conf.o
                0x000000000800a3b0                USBD_static_free
 .text.USBD_Get_USB_Status
                0x000000000800a3c4       0x58 ./USB_DEVICE/Target/usbd_conf.o
                0x000000000800a3c4                USBD_Get_USB_Status
 .text.__errno  0x000000000800a41c        0xc d:/stm32cubeide/stm32cubeide_1.12.1/stm32cubeide/plugins/com.st.stm32cube.ide.mcu.externaltools.gnu-tools-for-stm32.10.3-2021.10.win32_1.0.200.202301161003/tools/bin/../lib/gcc/arm-none-eabi/10.3.1/../../../../arm-none-eabi/lib/thumb/v7e-m+fp/hard\libc_nano.a(lib_a-errno.o)
                0x000000000800a41c                __errno
 .text.__libc_init_array
                0x000000000800a428       0x48 d:/stm32cubeide/stm32cubeide_1.12.1/stm32cubeide/plugins/com.st.stm32cube.ide.mcu.externaltools.gnu-tools-for-stm32.10.3-2021.10.win32_1.0.200.202301161003/tools/bin/../lib/gcc/arm-none-eabi/10.3.1/../../../../arm-none-eabi/lib/thumb/v7e-m+fp/hard\libc_nano.a(lib_a-init.o)
                0x000000000800a428                __libc_init_array
 .text.memcpy   0x000000000800a470       0x1c d:/stm32cubeide/stm32cubeide_1.12.1/stm32cubeide/plugins/com.st.stm32cube.ide.mcu.externaltools.gnu-tools-for-stm32.10.3-2021.10.win32_1.0.200.202301161003/tools/bin/../lib/gcc/arm-none-eabi/10.3.1/../../../../arm-none-eabi/lib/thumb/v7e-m+fp/hard\libc_nano.a(lib_a-memcpy-stub.o)
                0x000000000800a470                memcpy
 .text.memmove  0x000000000800a48c       0x34 d:/stm32cubeide/stm32cubeide_1.12.1/stm32cubeide/plugins/com.st.stm32cube.ide.mcu.externaltools.gnu-tools-for-stm32.10.3-2021.10.win32_1.0.200.202301161003/tools/bin/../lib/gcc/arm-none-eabi/10.3.1/../../../../arm-none-eabi/lib/thumb/v7e-m+fp/hard\libc_nano.a(lib_a-memmove.o)
                0x000000000800a48c                memmove
 .text.memset   0x000000000800a4c0       0x10 d:/stm32cubeide/stm32cubeide_1.12.1/stm32cubeide/plugins/com.st.stm32cube.ide.mcu.externaltools.gnu-tools-for-stm32.10.3-2021.10.win32_1.0.200.202301161003/tools/bin/../lib/gcc/arm-none-eabi/10.3.1/../../../../arm-none-eabi/lib/thumb/v7e-m+fp/hard\libc_nano.a(lib_a-memset.o)
                0x000000000800a4c0                memset
 .text.sprintf  0x000000000800a4d0       0x40 d:/stm32cubeide/stm32cubeide_1.12.1/stm32cubeide/plugins/com.st.stm32cube.ide.mcu.externaltools.gnu-tools-for-stm32.10.3-2021.10.win32_1.0.200.202301161003/tools/bin/../lib/gcc/arm-none-eabi/10.3.1/../../../../arm-none-eabi/lib/thumb/v7e-m+fp/hard\libc_nano.a(lib_a-sprintf.o)
                0x000000000800a4d0                siprintf
                0x000000000800a4d0                sprintf
 .text.__ssputs_r
                0x000000000800a510       0xb6 d:/stm32cubeide/stm32cubeide_1.12.1/stm32cubeide/plugins/com.st.stm32cube.ide.mcu.externaltools.gnu-tools-for-stm32.10.3-2021.10.win32_1.0.200.202301161003/tools/bin/../lib/gcc/arm-none-eabi/10.3.1/../../../../arm-none-eabi/lib/thumb/v7e-m+fp/hard\libc_nano.a(lib_a-nano-svfprintf.o)
                0x000000000800a510                __ssputs_r
 *fill*         0x000000000800a5c6        0x2 
 .text._svfprintf_r
                0x000000000800a5c8      0x200 d:/stm32cubeide/stm32cubeide_1.12.1/stm32cubeide/plugins/com.st.stm32cube.ide.mcu.externaltools.gnu-tools-for-stm32.10.3-2021.10.win32_1.0.200.202301161003/tools/bin/../lib/gcc/arm-none-eabi/10.3.1/../../../../arm-none-eabi/lib/thumb/v7e-m+fp/hard\libc_nano.a(lib_a-nano-svfprintf.o)
                0x000000000800a5c8                _svfiprintf_r
                0x000000000800a5c8                _svfprintf_r
 .text._printf_common
                0x000000000800a7c8       0xda d:/stm32cubeide/stm32cubeide_1.12.1/stm32cubeide/plugins/com.st.stm32cube.ide.mcu.externaltools.gnu-tools-for-stm32.10.3-2021.10.win32_1.0.200.202301161003/tools/bin/../lib/gcc/arm-none-eabi/10.3.1/../../../../arm-none-eabi/lib/thumb/v7e-m+fp/hard\libc_nano.a(lib_a-nano-vfprintf_i.o)
                0x000000000800a7c8                _printf_common
 *fill*         0x000000000800a8a2        0x2 
 .text._printf_i
                0x000000000800a8a4      0x24c d:/stm32cubeide/stm32cubeide_1.12.1/stm32cubeide/plugins/com.st.stm32cube.ide.mcu.externaltools.gnu-tools-for-stm32.10.3-2021.10.win32_1.0.200.202301161003/tools/bin/../lib/gcc/arm-none-eabi/10.3.1/../../../../arm-none-eabi/lib/thumb/v7e-m+fp/hard\libc_nano.a(lib_a-nano-vfprintf_i.o)
                0x000000000800a8a4                _printf_i
 .text._free_r  0x000000000800aaf0       0x98 d:/stm32cubeide/stm32cubeide_1.12.1/stm32cubeide/plugins/com.st.stm32cube.ide.mcu.externaltools.gnu-tools-for-stm32.10.3-2021.10.win32_1.0.200.202301161003/tools/bin/../lib/gcc/arm-none-eabi/10.3.1/../../../../arm-none-eabi/lib/thumb/v7e-m+fp/hard\libc_nano.a(lib_a-nano-freer.o)
                0x000000000800aaf0                _free_r
 .text.sbrk_aligned
                0x000000000800ab88       0x40 d:/stm32cubeide/stm32cubeide_1.12.1/stm32cubeide/plugins/com.st.stm32cube.ide.mcu.externaltools.gnu-tools-for-stm32.10.3-2021.10.win32_1.0.200.202301161003/tools/bin/../lib/gcc/arm-none-eabi/10.3.1/../../../../arm-none-eabi/lib/thumb/v7e-m+fp/hard\libc_nano.a(lib_a-nano-mallocr.o)
 .text._malloc_r
                0x000000000800abc8       0xe8 d:/stm32cubeide/stm32cubeide_1.12.1/stm32cubeide/plugins/com.st.stm32cube.ide.mcu.externaltools.gnu-tools-for-stm32.10.3-2021.10.win32_1.0.200.202301161003/tools/bin/../lib/gcc/arm-none-eabi/10.3.1/../../../../arm-none-eabi/lib/thumb/v7e-m+fp/hard\libc_nano.a(lib_a-nano-mallocr.o)
                0x000000000800abc8                _malloc_r
 .text._realloc_r
                0x000000000800acb0       0x5e d:/stm32cubeide/stm32cubeide_1.12.1/stm32cubeide/plugins/com.st.stm32cube.ide.mcu.externaltools.gnu-tools-for-stm32.10.3-2021.10.win32_1.0.200.202301161003/tools/bin/../lib/gcc/arm-none-eabi/10.3.1/../../../../arm-none-eabi/lib/thumb/v7e-m+fp/hard\libc_nano.a(lib_a-nano-reallocr.o)
                0x000000000800acb0                _realloc_r
 *fill*         0x000000000800ad0e        0x2 
 .text._sbrk_r  0x000000000800ad10       0x20 d:/stm32cubeide/stm32cubeide_1.12.1/stm32cubeide/plugins/com.st.stm32cube.ide.mcu.externaltools.gnu-tools-for-stm32.10.3-2021.10.win32_1.0.200.202301161003/tools/bin/../lib/gcc/arm-none-eabi/10.3.1/../../../../arm-none-eabi/lib/thumb/v7e-m+fp/hard\libc_nano.a(lib_a-sbrkr.o)
                0x000000000800ad10                _sbrk_r
 .text.__malloc_lock
                0x000000000800ad30        0xc d:/stm32cubeide/stm32cubeide_1.12.1/stm32cubeide/plugins/com.st.stm32cube.ide.mcu.externaltools.gnu-tools-for-stm32.10.3-2021.10.win32_1.0.200.202301161003/tools/bin/../lib/gcc/arm-none-eabi/10.3.1/../../../../arm-none-eabi/lib/thumb/v7e-m+fp/hard\libc_nano.a(lib_a-mlock.o)
                0x000000000800ad30                __malloc_lock
 .text.__malloc_unlock
                0x000000000800ad3c        0xc d:/stm32cubeide/stm32cubeide_1.12.1/stm32cubeide/plugins/com.st.stm32cube.ide.mcu.externaltools.gnu-tools-for-stm32.10.3-2021.10.win32_1.0.200.202301161003/tools/bin/../lib/gcc/arm-none-eabi/10.3.1/../../../../arm-none-eabi/lib/thumb/v7e-m+fp/hard\libc_nano.a(lib_a-mlock.o)
                0x000000000800ad3c                __malloc_unlock
 .text._malloc_usable_size_r
                0x000000000800ad48       0x10 d:/stm32cubeide/stm32cubeide_1.12.1/stm32cubeide/plugins/com.st.stm32cube.ide.mcu.externaltools.gnu-tools-for-stm32.10.3-2021.10.win32_1.0.200.202301161003/tools/bin/../lib/gcc/arm-none-eabi/10.3.1/../../../../arm-none-eabi/lib/thumb/v7e-m+fp/hard\libc_nano.a(lib_a-nano-msizer.o)
                0x000000000800ad48                _malloc_usable_size_r
 .text.__retarget_lock_acquire_recursive
                0x000000000800ad58        0x2 d:/stm32cubeide/stm32cubeide_1.12.1/stm32cubeide/plugins/com.st.stm32cube.ide.mcu.externaltools.gnu-tools-for-stm32.10.3-2021.10.win32_1.0.200.202301161003/tools/bin/../lib/gcc/arm-none-eabi/10.3.1/../../../../arm-none-eabi/lib/thumb/v7e-m+fp/hard\libc_nano.a(lib_a-lock.o)
                0x000000000800ad58                __retarget_lock_acquire_recursive
 .text.__retarget_lock_release_recursive
                0x000000000800ad5a        0x2 d:/stm32cubeide/stm32cubeide_1.12.1/stm32cubeide/plugins/com.st.stm32cube.ide.mcu.externaltools.gnu-tools-for-stm32.10.3-2021.10.win32_1.0.200.202301161003/tools/bin/../lib/gcc/arm-none-eabi/10.3.1/../../../../arm-none-eabi/lib/thumb/v7e-m+fp/hard\libc_nano.a(lib_a-lock.o)
                0x000000000800ad5a                __retarget_lock_release_recursive
 *(.glue_7)
 .glue_7        0x000000000800ad5c        0x0 linker stubs
 *(.glue_7t)
 .glue_7t       0x000000000800ad5c        0x0 linker stubs
 *(.eh_frame)
 .eh_frame      0x000000000800ad5c        0x0 d:/stm32cubeide/stm32cubeide_1.12.1/stm32cubeide/plugins/com.st.stm32cube.ide.mcu.externaltools.gnu-tools-for-stm32.10.3-2021.10.win32_1.0.200.202301161003/tools/bin/../lib/gcc/arm-none-eabi/10.3.1/thumb/v7e-m+fp/hard/crtbegin.o
 *(.init)
 .init          0x000000000800ad5c        0x4 d:/stm32cubeide/stm32cubeide_1.12.1/stm32cubeide/plugins/com.st.stm32cube.ide.mcu.externaltools.gnu-tools-for-stm32.10.3-2021.10.win32_1.0.200.202301161003/tools/bin/../lib/gcc/arm-none-eabi/10.3.1/thumb/v7e-m+fp/hard/crti.o
                0x000000000800ad5c                _init
 .init          0x000000000800ad60        0x8 d:/stm32cubeide/stm32cubeide_1.12.1/stm32cubeide/plugins/com.st.stm32cube.ide.mcu.externaltools.gnu-tools-for-stm32.10.3-2021.10.win32_1.0.200.202301161003/tools/bin/../lib/gcc/arm-none-eabi/10.3.1/thumb/v7e-m+fp/hard/crtn.o
 *(.fini)
 .fini          0x000000000800ad68        0x4 d:/stm32cubeide/stm32cubeide_1.12.1/stm32cubeide/plugins/com.st.stm32cube.ide.mcu.externaltools.gnu-tools-for-stm32.10.3-2021.10.win32_1.0.200.202301161003/tools/bin/../lib/gcc/arm-none-eabi/10.3.1/thumb/v7e-m+fp/hard/crti.o
                0x000000000800ad68                _fini
 .fini          0x000000000800ad6c        0x8 d:/stm32cubeide/stm32cubeide_1.12.1/stm32cubeide/plugins/com.st.stm32cube.ide.mcu.externaltools.gnu-tools-for-stm32.10.3-2021.10.win32_1.0.200.202301161003/tools/bin/../lib/gcc/arm-none-eabi/10.3.1/thumb/v7e-m+fp/hard/crtn.o
                0x000000000800ad74                . = ALIGN (0x4)
                0x000000000800ad74                _etext = .

.vfp11_veneer   0x000000000800ad74        0x0
 .vfp11_veneer  0x000000000800ad74        0x0 linker stubs

.v4_bx          0x000000000800ad74        0x0
 .v4_bx         0x000000000800ad74        0x0 linker stubs

.iplt           0x000000000800ad74        0x0
 .iplt          0x000000000800ad74        0x0 d:/stm32cubeide/stm32cubeide_1.12.1/stm32cubeide/plugins/com.st.stm32cube.ide.mcu.externaltools.gnu-tools-for-stm32.10.3-2021.10.win32_1.0.200.202301161003/tools/bin/../lib/gcc/arm-none-eabi/10.3.1/thumb/v7e-m+fp/hard/crtbegin.o

.rodata         0x000000000800ad74      0x770
                0x000000000800ad74                . = ALIGN (0x4)
 *(.rodata)
 .rodata        0x000000000800ad74       0xdb ./Core/Src/main.o
 *fill*         0x000000000800ae4f        0x1 
 .rodata        0x000000000800ae50        0x5 ./Middlewares/Third_Party/FreeRTOS/Source/tasks.o
 *fill*         0x000000000800ae55        0x3 
 .rodata        0x000000000800ae58       0x4d ./USB_DEVICE/App/usbd_desc.o
 *(.rodata*)
 *fill*         0x000000000800aea5        0x3 
 .rodata.Font6x8
                0x000000000800aea8      0x5f0 ./Core/Src/ssd1306_fonts.o
 .rodata.AHBPrescTable
                0x000000000800b498       0x10 ./Core/Src/system_stm32f4xx.o
                0x000000000800b498                AHBPrescTable
 .rodata.APBPrescTable
                0x000000000800b4a8        0x8 ./Core/Src/system_stm32f4xx.o
                0x000000000800b4a8                APBPrescTable
 .rodata._svfprintf_r.str1.1
                0x000000000800b4b0       0x11 d:/stm32cubeide/stm32cubeide_1.12.1/stm32cubeide/plugins/com.st.stm32cube.ide.mcu.externaltools.gnu-tools-for-stm32.10.3-2021.10.win32_1.0.200.202301161003/tools/bin/../lib/gcc/arm-none-eabi/10.3.1/../../../../arm-none-eabi/lib/thumb/v7e-m+fp/hard\libc_nano.a(lib_a-nano-svfprintf.o)
 .rodata._printf_i.str1.1
                0x000000000800b4c1       0x22 d:/stm32cubeide/stm32cubeide_1.12.1/stm32cubeide/plugins/com.st.stm32cube.ide.mcu.externaltools.gnu-tools-for-stm32.10.3-2021.10.win32_1.0.200.202301161003/tools/bin/../lib/gcc/arm-none-eabi/10.3.1/../../../../arm-none-eabi/lib/thumb/v7e-m+fp/hard\libc_nano.a(lib_a-nano-vfprintf_i.o)
                0x000000000800b4e4                . = ALIGN (0x4)
 *fill*         0x000000000800b4e3        0x1 

.ARM.extab      0x000000000800b4e4        0x0
                0x000000000800b4e4                . = ALIGN (0x4)
 *(.ARM.extab* .gnu.linkonce.armextab.*)
                0x000000000800b4e4                . = ALIGN (0x4)

.ARM            0x000000000800b4e4        0x8
                0x000000000800b4e4                . = ALIGN (0x4)
                0x000000000800b4e4                __exidx_start = .
 *(.ARM.exidx*)
 .ARM.exidx     0x000000000800b4e4        0x8 d:/stm32cubeide/stm32cubeide_1.12.1/stm32cubeide/plugins/com.st.stm32cube.ide.mcu.externaltools.gnu-tools-for-stm32.10.3-2021.10.win32_1.0.200.202301161003/tools/bin/../lib/gcc/arm-none-eabi/10.3.1/thumb/v7e-m+fp/hard\libgcc.a(_udivmoddi4.o)
                0x000000000800b4ec                __exidx_end = .
                0x000000000800b4ec                . = ALIGN (0x4)

.rel.dyn        0x000000000800b4ec        0x0
 .rel.iplt      0x000000000800b4ec        0x0 d:/stm32cubeide/stm32cubeide_1.12.1/stm32cubeide/plugins/com.st.stm32cube.ide.mcu.externaltools.gnu-tools-for-stm32.10.3-2021.10.win32_1.0.200.202301161003/tools/bin/../lib/gcc/arm-none-eabi/10.3.1/thumb/v7e-m+fp/hard/crtbegin.o

.preinit_array  0x000000000800b4ec        0x0
                0x000000000800b4ec                . = ALIGN (0x4)
                0x000000000800b4ec                PROVIDE (__preinit_array_start = .)
 *(.preinit_array*)
                0x000000000800b4ec                PROVIDE (__preinit_array_end = .)
                0x000000000800b4ec                . = ALIGN (0x4)

.init_array     0x000000000800b4ec        0x4
                0x000000000800b4ec                . = ALIGN (0x4)
                0x000000000800b4ec                PROVIDE (__init_array_start = .)
 *(SORT_BY_NAME(.init_array.*))
 *(.init_array*)
 .init_array    0x000000000800b4ec        0x4 d:/stm32cubeide/stm32cubeide_1.12.1/stm32cubeide/plugins/com.st.stm32cube.ide.mcu.externaltools.gnu-tools-for-stm32.10.3-2021.10.win32_1.0.200.202301161003/tools/bin/../lib/gcc/arm-none-eabi/10.3.1/thumb/v7e-m+fp/hard/crtbegin.o
                0x000000000800b4f0                PROVIDE (__init_array_end = .)
                0x000000000800b4f0                . = ALIGN (0x4)

.fini_array     0x000000000800b4f0        0x4
                0x000000000800b4f0                . = ALIGN (0x4)
                [!provide]                        PROVIDE (__fini_array_start = .)
 *(SORT_BY_NAME(.fini_array.*))
 *(.fini_array*)
 .fini_array    0x000000000800b4f0        0x4 d:/stm32cubeide/stm32cubeide_1.12.1/stm32cubeide/plugins/com.st.stm32cube.ide.mcu.externaltools.gnu-tools-for-stm32.10.3-2021.10.win32_1.0.200.202301161003/tools/bin/../lib/gcc/arm-none-eabi/10.3.1/thumb/v7e-m+fp/hard/crtbegin.o
                [!provide]                        PROVIDE (__fini_array_end = .)
                0x000000000800b4f4                . = ALIGN (0x4)
                0x000000000800b4f4                _sidata = LOADADDR (.data)

.data           0x0000000020000000      0x1d0 load address 0x000000000800b4f4
                0x0000000020000000                . = ALIGN (0x4)
                0x0000000020000000                _sdata = .
 *(.data)
 *(.data*)
 .data.keycode  0x0000000020000000       0x10 ./Core/Src/main.o
                0x0000000020000000                keycode
 .data.Font_6x8
                0x0000000020000010        0x8 ./Core/Src/ssd1306_fonts.o
                0x0000000020000010                Font_6x8
 .data.SystemCoreClock
                0x0000000020000018        0x4 ./Core/Src/system_stm32f4xx.o
                0x0000000020000018                SystemCoreClock
 .data.uwTickPrio
                0x000000002000001c        0x4 ./Drivers/STM32F4xx_HAL_Driver/Src/stm32f4xx_hal.o
                0x000000002000001c                uwTickPrio
 .data.uwTickFreq
                0x0000000020000020        0x1 ./Drivers/STM32F4xx_HAL_Driver/Src/stm32f4xx_hal.o
                0x0000000020000020                uwTickFreq
 *fill*         0x0000000020000021        0x3 
 .data.USBD_CUSTOM_HID
                0x0000000020000024       0x38 ./Middlewares/ST/STM32_USB_Device_Library/Class/CustomHID/Src/usbd_customhid.o
                0x0000000020000024                USBD_CUSTOM_HID
 .data.USBD_CUSTOM_HID_CfgDesc
                0x000000002000005c       0x29 ./Middlewares/ST/STM32_USB_Device_Library/Class/CustomHID/Src/usbd_customhid.o
 *fill*         0x0000000020000085        0x3 
 .data.USBD_CUSTOM_HID_Desc
                0x0000000020000088        0x9 ./Middlewares/ST/STM32_USB_Device_Library/Class/CustomHID/Src/usbd_customhid.o
 *fill*         0x0000000020000091        0x3 
 .data.USBD_CUSTOM_HID_DeviceQualifierDesc
                0x0000000020000094        0xa ./Middlewares/ST/STM32_USB_Device_Library/Class/CustomHID/Src/usbd_customhid.o
 .data.CUSTOMHIDInEpAdd
                0x000000002000009e        0x1 ./Middlewares/ST/STM32_USB_Device_Library/Class/CustomHID/Src/usbd_customhid.o
 .data.CUSTOMHIDOutEpAdd
                0x000000002000009f        0x1 ./Middlewares/ST/STM32_USB_Device_Library/Class/CustomHID/Src/usbd_customhid.o
 .data.uxCriticalNesting
                0x00000000200000a0        0x4 ./Middlewares/Third_Party/FreeRTOS/Source/portable/GCC/ARM_CM4F/port.o
 .data.CUSTOM_HID_ReportDesc_FS
                0x00000000200000a4       0x65 ./USB_DEVICE/App/usbd_custom_hid_if.o
 *fill*         0x0000000020000109        0x3 
 .data.USBD_CustomHID_fops_FS
                0x000000002000010c       0x10 ./USB_DEVICE/App/usbd_custom_hid_if.o
                0x000000002000010c                USBD_CustomHID_fops_FS
 .data.FS_Desc  0x000000002000011c       0x1c ./USB_DEVICE/App/usbd_desc.o
                0x000000002000011c                FS_Desc
 .data.USBD_FS_DeviceDesc
                0x0000000020000138       0x12 ./USB_DEVICE/App/usbd_desc.o
                0x0000000020000138                USBD_FS_DeviceDesc
 *fill*         0x000000002000014a        0x2 
 .data.USBD_LangIDDesc
                0x000000002000014c        0x4 ./USB_DEVICE/App/usbd_desc.o
                0x000000002000014c                USBD_LangIDDesc
 .data.USBD_StringSerial
                0x0000000020000150       0x1a ./USB_DEVICE/App/usbd_desc.o
                0x0000000020000150                USBD_StringSerial
 *fill*         0x000000002000016a        0x2 
 .data._impure_ptr
                0x000000002000016c        0x4 d:/stm32cubeide/stm32cubeide_1.12.1/stm32cubeide/plugins/com.st.stm32cube.ide.mcu.externaltools.gnu-tools-for-stm32.10.3-2021.10.win32_1.0.200.202301161003/tools/bin/../lib/gcc/arm-none-eabi/10.3.1/../../../../arm-none-eabi/lib/thumb/v7e-m+fp/hard\libc_nano.a(lib_a-impure.o)
                0x000000002000016c                _impure_ptr
 .data.impure_data
                0x0000000020000170       0x60 d:/stm32cubeide/stm32cubeide_1.12.1/stm32cubeide/plugins/com.st.stm32cube.ide.mcu.externaltools.gnu-tools-for-stm32.10.3-2021.10.win32_1.0.200.202301161003/tools/bin/../lib/gcc/arm-none-eabi/10.3.1/../../../../arm-none-eabi/lib/thumb/v7e-m+fp/hard\libc_nano.a(lib_a-impure.o)
 *(.RamFunc)
 *(.RamFunc*)
                0x00000000200001d0                . = ALIGN (0x4)
                0x00000000200001d0                _edata = .

.igot.plt       0x00000000200001d0        0x0 load address 0x000000000800b6c4
 .igot.plt      0x00000000200001d0        0x0 d:/stm32cubeide/stm32cubeide_1.12.1/stm32cubeide/plugins/com.st.stm32cube.ide.mcu.externaltools.gnu-tools-for-stm32.10.3-2021.10.win32_1.0.200.202301161003/tools/bin/../lib/gcc/arm-none-eabi/10.3.1/thumb/v7e-m+fp/hard/crtbegin.o
                0x00000000200001d0                . = ALIGN (0x4)

.bss            0x00000000200001d0     0x5048 load address 0x000000000800b6c4
                0x00000000200001d0                _sbss = .
                0x00000000200001d0                __bss_start__ = _sbss
 *(.bss)
 .bss           0x00000000200001d0       0x1c d:/stm32cubeide/stm32cubeide_1.12.1/stm32cubeide/plugins/com.st.stm32cube.ide.mcu.externaltools.gnu-tools-for-stm32.10.3-2021.10.win32_1.0.200.202301161003/tools/bin/../lib/gcc/arm-none-eabi/10.3.1/thumb/v7e-m+fp/hard/crtbegin.o
 *(.bss*)
 .bss.xIdleTaskTCBBuffer
                0x00000000200001ec       0x54 ./Core/Src/freertos.o
 .bss.xIdleStack
                0x0000000020000240      0x200 ./Core/Src/freertos.o
 .bss.hadc1     0x0000000020000440       0x48 ./Core/Src/main.o
                0x0000000020000440                hadc1
 .bss.hi2c3     0x0000000020000488       0x54 ./Core/Src/main.o
                0x0000000020000488                hi2c3
 .bss.htim2     0x00000000200004dc       0x48 ./Core/Src/main.o
                0x00000000200004dc                htim2
 .bss.collectingTaskHandle
                0x0000000020000524        0x4 ./Core/Src/main.o
                0x0000000020000524                collectingTaskHandle
 .bss.mouseTaskHandle
                0x0000000020000528        0x4 ./Core/Src/main.o
                0x0000000020000528                mouseTaskHandle
 .bss.keyboardTaskHandle
                0x000000002000052c        0x4 ./Core/Src/main.o
                0x000000002000052c                keyboardTaskHandle
 .bss.displayTaskHandle
                0x0000000020000530        0x4 ./Core/Src/main.o
                0x0000000020000530                displayTaskHandle
 .bss.keyboard_report
                0x0000000020000534        0x9 ./Core/Src/main.o
                0x0000000020000534                keyboard_report
 *fill*         0x000000002000053d        0x3 
 .bss.mouse_report
                0x0000000020000540        0x5 ./Core/Src/main.o
                0x0000000020000540                mouse_report
 *fill*         0x0000000020000545        0x3 
 .bss.lcd_buf_1
                0x0000000020000548       0x64 ./Core/Src/main.o
                0x0000000020000548                lcd_buf_1
 .bss.lcd_buf_2
                0x00000000200005ac       0x64 ./Core/Src/main.o
                0x00000000200005ac                lcd_buf_2
 .bss.adc_val_0
                0x0000000020000610        0x2 ./Core/Src/main.o
                0x0000000020000610                adc_val_0
 .bss.adc_val_1
                0x0000000020000612        0x2 ./Core/Src/main.o
                0x0000000020000612                adc_val_1
 .bss.adc_val_2
                0x0000000020000614        0x2 ./Core/Src/main.o
                0x0000000020000614                adc_val_2
 .bss.adc_val_3
                0x0000000020000616        0x2 ./Core/Src/main.o
                0x0000000020000616                adc_val_3
 .bss.SSD1306_Buffer
                0x0000000020000618      0x400 ./Core/Src/ssd1306.o
 .bss.SSD1306   0x0000000020000a18        0x6 ./Core/Src/ssd1306.o
 *fill*         0x0000000020000a1e        0x2 
 .bss.htim1     0x0000000020000a20       0x48 ./Core/Src/stm32f4xx_hal_timebase_tim.o
                0x0000000020000a20                htim1
 .bss.__sbrk_heap_end
                0x0000000020000a68        0x4 ./Core/Src/sysmem.o
 .bss.uwTick    0x0000000020000a6c        0x4 ./Drivers/STM32F4xx_HAL_Driver/Src/stm32f4xx_hal.o
                0x0000000020000a6c                uwTick
 .bss.cfgidx.0  0x0000000020000a70        0x1 ./Middlewares/ST/STM32_USB_Device_Library/Core/Src/usbd_ctlreq.o
 *fill*         0x0000000020000a71        0x3 
 .bss.pxCurrentTCB
                0x0000000020000a74        0x4 ./Middlewares/Third_Party/FreeRTOS/Source/tasks.o
                0x0000000020000a74                pxCurrentTCB
 .bss.pxReadyTasksLists
                0x0000000020000a78       0x8c ./Middlewares/Third_Party/FreeRTOS/Source/tasks.o
 .bss.xDelayedTaskList1
                0x0000000020000b04       0x14 ./Middlewares/Third_Party/FreeRTOS/Source/tasks.o
 .bss.xDelayedTaskList2
                0x0000000020000b18       0x14 ./Middlewares/Third_Party/FreeRTOS/Source/tasks.o
 .bss.pxDelayedTaskList
                0x0000000020000b2c        0x4 ./Middlewares/Third_Party/FreeRTOS/Source/tasks.o
 .bss.pxOverflowDelayedTaskList
                0x0000000020000b30        0x4 ./Middlewares/Third_Party/FreeRTOS/Source/tasks.o
 .bss.xPendingReadyList
                0x0000000020000b34       0x14 ./Middlewares/Third_Party/FreeRTOS/Source/tasks.o
 .bss.xTasksWaitingTermination
                0x0000000020000b48       0x14 ./Middlewares/Third_Party/FreeRTOS/Source/tasks.o
 .bss.uxDeletedTasksWaitingCleanUp
                0x0000000020000b5c        0x4 ./Middlewares/Third_Party/FreeRTOS/Source/tasks.o
 .bss.xSuspendedTaskList
                0x0000000020000b60       0x14 ./Middlewares/Third_Party/FreeRTOS/Source/tasks.o
 .bss.uxCurrentNumberOfTasks
                0x0000000020000b74        0x4 ./Middlewares/Third_Party/FreeRTOS/Source/tasks.o
 .bss.xTickCount
                0x0000000020000b78        0x4 ./Middlewares/Third_Party/FreeRTOS/Source/tasks.o
 .bss.uxTopReadyPriority
                0x0000000020000b7c        0x4 ./Middlewares/Third_Party/FreeRTOS/Source/tasks.o
 .bss.xSchedulerRunning
                0x0000000020000b80        0x4 ./Middlewares/Third_Party/FreeRTOS/Source/tasks.o
 .bss.xPendedTicks
                0x0000000020000b84        0x4 ./Middlewares/Third_Party/FreeRTOS/Source/tasks.o
 .bss.xYieldPending
                0x0000000020000b88        0x4 ./Middlewares/Third_Party/FreeRTOS/Source/tasks.o
 .bss.xNumOfOverflows
                0x0000000020000b8c        0x4 ./Middlewares/Third_Party/FreeRTOS/Source/tasks.o
 .bss.uxTaskNumber
                0x0000000020000b90        0x4 ./Middlewares/Third_Party/FreeRTOS/Source/tasks.o
 .bss.xNextTaskUnblockTime
                0x0000000020000b94        0x4 ./Middlewares/Third_Party/FreeRTOS/Source/tasks.o
 .bss.xIdleTaskHandle
                0x0000000020000b98        0x4 ./Middlewares/Third_Party/FreeRTOS/Source/tasks.o
 .bss.uxSchedulerSuspended
                0x0000000020000b9c        0x4 ./Middlewares/Third_Party/FreeRTOS/Source/tasks.o
 .bss.ucMaxSysCallPriority
                0x0000000020000ba0        0x1 ./Middlewares/Third_Party/FreeRTOS/Source/portable/GCC/ARM_CM4F/port.o
 *fill*         0x0000000020000ba1        0x3 
 .bss.ulMaxPRIGROUPValue
                0x0000000020000ba4        0x4 ./Middlewares/Third_Party/FreeRTOS/Source/portable/GCC/ARM_CM4F/port.o
 .bss.ucHeap    0x0000000020000ba8     0x3c00 ./Middlewares/Third_Party/FreeRTOS/Source/portable/MemMang/heap_4.o
 .bss.xStart    0x00000000200047a8        0x8 ./Middlewares/Third_Party/FreeRTOS/Source/portable/MemMang/heap_4.o
 .bss.pxEnd     0x00000000200047b0        0x4 ./Middlewares/Third_Party/FreeRTOS/Source/portable/MemMang/heap_4.o
 .bss.xFreeBytesRemaining
                0x00000000200047b4        0x4 ./Middlewares/Third_Party/FreeRTOS/Source/portable/MemMang/heap_4.o
 .bss.xMinimumEverFreeBytesRemaining
                0x00000000200047b8        0x4 ./Middlewares/Third_Party/FreeRTOS/Source/portable/MemMang/heap_4.o
 .bss.xNumberOfSuccessfulAllocations
                0x00000000200047bc        0x4 ./Middlewares/Third_Party/FreeRTOS/Source/portable/MemMang/heap_4.o
 .bss.xNumberOfSuccessfulFrees
                0x00000000200047c0        0x4 ./Middlewares/Third_Party/FreeRTOS/Source/portable/MemMang/heap_4.o
 .bss.xBlockAllocatedBit
                0x00000000200047c4        0x4 ./Middlewares/Third_Party/FreeRTOS/Source/portable/MemMang/heap_4.o
 .bss.hUsbDeviceFS
                0x00000000200047c8      0x2dc ./USB_DEVICE/App/usb_device.o
                0x00000000200047c8                hUsbDeviceFS
 .bss.USBD_StrDesc
                0x0000000020004aa4      0x200 ./USB_DEVICE/App/usbd_desc.o
                0x0000000020004aa4                USBD_StrDesc
 .bss.hpcd_USB_OTG_FS
                0x0000000020004ca4      0x50c ./USB_DEVICE/Target/usbd_conf.o
                0x0000000020004ca4                hpcd_USB_OTG_FS
 .bss.mem.0     0x00000000200051b0       0x58 ./USB_DEVICE/Target/usbd_conf.o
 .bss.__malloc_free_list
                0x0000000020005208        0x4 d:/stm32cubeide/stm32cubeide_1.12.1/stm32cubeide/plugins/com.st.stm32cube.ide.mcu.externaltools.gnu-tools-for-stm32.10.3-2021.10.win32_1.0.200.202301161003/tools/bin/../lib/gcc/arm-none-eabi/10.3.1/../../../../arm-none-eabi/lib/thumb/v7e-m+fp/hard\libc_nano.a(lib_a-nano-mallocr.o)
                0x0000000020005208                __malloc_free_list
 .bss.__malloc_sbrk_start
                0x000000002000520c        0x4 d:/stm32cubeide/stm32cubeide_1.12.1/stm32cubeide/plugins/com.st.stm32cube.ide.mcu.externaltools.gnu-tools-for-stm32.10.3-2021.10.win32_1.0.200.202301161003/tools/bin/../lib/gcc/arm-none-eabi/10.3.1/../../../../arm-none-eabi/lib/thumb/v7e-m+fp/hard\libc_nano.a(lib_a-nano-mallocr.o)
                0x000000002000520c                __malloc_sbrk_start
 .bss.errno     0x0000000020005210        0x4 d:/stm32cubeide/stm32cubeide_1.12.1/stm32cubeide/plugins/com.st.stm32cube.ide.mcu.externaltools.gnu-tools-for-stm32.10.3-2021.10.win32_1.0.200.202301161003/tools/bin/../lib/gcc/arm-none-eabi/10.3.1/../../../../arm-none-eabi/lib/thumb/v7e-m+fp/hard\libc_nano.a(lib_a-reent.o)
                0x0000000020005210                errno
 .bss.__lock___malloc_recursive_mutex
                0x0000000020005214        0x1 d:/stm32cubeide/stm32cubeide_1.12.1/stm32cubeide/plugins/com.st.stm32cube.ide.mcu.externaltools.gnu-tools-for-stm32.10.3-2021.10.win32_1.0.200.202301161003/tools/bin/../lib/gcc/arm-none-eabi/10.3.1/../../../../arm-none-eabi/lib/thumb/v7e-m+fp/hard\libc_nano.a(lib_a-lock.o)
                0x0000000020005214                __lock___malloc_recursive_mutex
 *(COMMON)
                0x0000000020005218                . = ALIGN (0x4)
 *fill*         0x0000000020005215        0x3 
                0x0000000020005218                _ebss = .
                0x0000000020005218                __bss_end__ = _ebss

._user_heap_stack
                0x0000000020005218      0x600 load address 0x000000000800b6c4
                0x0000000020005218                . = ALIGN (0x8)
                [!provide]                        PROVIDE (end = .)
                0x0000000020005218                PROVIDE (_end = .)
                0x0000000020005418                . = (. + _Min_Heap_Size)
 *fill*         0x0000000020005218      0x200 
                0x0000000020005818                . = (. + _Min_Stack_Size)
 *fill*         0x0000000020005418      0x400 
                0x0000000020005818                . = ALIGN (0x8)

/DISCARD/
 libc.a(*)
 libm.a(*)
 libgcc.a(*)

.ARM.attributes
                0x0000000000000000       0x30
 *(.ARM.attributes)
 .ARM.attributes
                0x0000000000000000       0x1e d:/stm32cubeide/stm32cubeide_1.12.1/stm32cubeide/plugins/com.st.stm32cube.ide.mcu.externaltools.gnu-tools-for-stm32.10.3-2021.10.win32_1.0.200.202301161003/tools/bin/../lib/gcc/arm-none-eabi/10.3.1/thumb/v7e-m+fp/hard/crti.o
 .ARM.attributes
                0x000000000000001e       0x34 d:/stm32cubeide/stm32cubeide_1.12.1/stm32cubeide/plugins/com.st.stm32cube.ide.mcu.externaltools.gnu-tools-for-stm32.10.3-2021.10.win32_1.0.200.202301161003/tools/bin/../lib/gcc/arm-none-eabi/10.3.1/thumb/v7e-m+fp/hard/crtbegin.o
 .ARM.attributes
                0x0000000000000052       0x34 ./Core/Src/freertos.o
 .ARM.attributes
                0x0000000000000086       0x34 ./Core/Src/main.o
 .ARM.attributes
                0x00000000000000ba       0x34 ./Core/Src/ssd1306.o
 .ARM.attributes
                0x00000000000000ee       0x34 ./Core/Src/ssd1306_fonts.o
 .ARM.attributes
                0x0000000000000122       0x34 ./Core/Src/stm32f4xx_hal_msp.o
 .ARM.attributes
                0x0000000000000156       0x34 ./Core/Src/stm32f4xx_hal_timebase_tim.o
 .ARM.attributes
                0x000000000000018a       0x34 ./Core/Src/stm32f4xx_it.o
 .ARM.attributes
                0x00000000000001be       0x34 ./Core/Src/sysmem.o
 .ARM.attributes
                0x00000000000001f2       0x34 ./Core/Src/system_stm32f4xx.o
 .ARM.attributes
                0x0000000000000226       0x21 ./Core/Startup/startup_stm32f401ccux.o
 .ARM.attributes
                0x0000000000000247       0x34 ./Drivers/STM32F4xx_HAL_Driver/Src/stm32f4xx_hal.o
 .ARM.attributes
                0x000000000000027b       0x34 ./Drivers/STM32F4xx_HAL_Driver/Src/stm32f4xx_hal_adc.o
 .ARM.attributes
                0x00000000000002af       0x34 ./Drivers/STM32F4xx_HAL_Driver/Src/stm32f4xx_hal_cortex.o
 .ARM.attributes
                0x00000000000002e3       0x34 ./Drivers/STM32F4xx_HAL_Driver/Src/stm32f4xx_hal_gpio.o
 .ARM.attributes
                0x0000000000000317       0x34 ./Drivers/STM32F4xx_HAL_Driver/Src/stm32f4xx_hal_i2c.o
 .ARM.attributes