../Core/Src/ssd1306_tests.c:251:6:ssd1306_TestBorder	24	static
../Core/Src/ssd1306_tests.c:280:6:ssd1306_TestFonts1	16	static
../Core/Src/ssd1306_tests.c:313:6:ssd1306_TestFonts2	32	static
../Core/Src/ssd1306_tests.c:335:6:ssd1306_TestFPS	112	static
../Core/Src/ssd1306_tests.c:373:6:ssd1306_TestLine	16	static
../Core/Src/ssd1306_tests.c:381:6:ssd1306_TestRectangle	32	static
../Core/Src/ssd1306_tests.c:391:6:ssd1306_TestRectangleFill	16	static
../Core/Src/ssd1306_tests.c:399:6:ssd1306_TestCircle	16	static
../Core/Src/ssd1306_tests.c:414:6:ssd1306_TestArc	16	static
../Core/Src/ssd1306_tests.c:421:6:ssd1306_TestPolyline	32	static
../Core/Src/ssd1306_tests.c:438:6:ssd1306_TestDrawBitmap	16	static
../Core/Src/ssd1306_tests.c:453:6:ssd1306_DrawNotTap	24	static
../Core/Src/ssd1306_tests.c:464:6:ssd1306_DrawTap	16	static
../Core/Src/ssd1306_tests.c:471:6:ssd1306_TestAll	8	static
